#
# A fatal error has been detected by the Java Runtime Environment:
#
#  EXCEPTION_ACCESS_VIOLATION (0xc0000005) at pc=0x00007fff43fa26c4, pid=36652, tid=44224
#
# JRE version: OpenJDK Runtime Environment (24.0.1+9) (build 24.0.1+9-30)
# Java VM: OpenJDK 64-Bit Server VM (24.0.1+9-30, mixed mode, sharing, tiered, compressed oops, compressed class ptrs, g1 gc, windows-amd64)
# Problematic frame:
# C  [libasyncProfiler.dll+0x926c4]
#
# No core dump will be written. Minidumps are not enabled by default on client versions of Windows
#
# If you would like to submit a bug report, please visit:
#   https://bugreport.java.com/bugreport/crash.jsp
# The crash happened outside the Java Virtual Machine in native code.
# See problematic frame for where to report the bug.
#

---------------  S U M M A R Y ------------

Command Line: -agentlib:jdwp=transport=dt_socket,address=127.0.0.1:50724,suspend=y,server=n -javaagent:C:\Users\29684\AppData\Local\JetBrains\IntelliJIdea2025.1\captureAgent\debugger-agent.jar=file:///C:/Users/29684/AppData/Local/Temp/capture7727869846648422290.props --enable-preview -agentpath:C:\Users\29684\AppData\Local\Temp\idea_libasyncProfiler_dll_temp_folder7\libasyncProfiler.dll=version,jfr,event=wall,interval=10ms,cstack=no,file=C:\Users\29684\IdeaSnapshots\Main_2025_05_21_132400.jfr,dbghelppath=C:\Users\29684\AppData\Local\Temp\idea_dbghelp_dll_temp_folder\dbghelp.dll,log=C:\Users\29684\AppData\Local\Temp\Main_2025_05_21_132400.jfr.log.txt,logLevel=DEBUG -Dkotlinx.coroutines.debug.enable.creation.stack.trace=false -Ddebugger.agent.enable.coroutines=true -Dkotlinx.coroutines.debug.enable.flows.stack.trace=true -Dkotlinx.coroutines.debug.enable.mutable.state.flows.stack.trace=true -Dfile.encoding=UTF-8 -Dsun.stdout.encoding=UTF-8 -Dsun.stderr.encoding=UTF-8 cainsgl.Main

Host: 12th Gen Intel(R) Core(TM) i9-12900H, 8 cores, 15G,  Windows 10 , 64 bit Build 19041 (10.0.19041.5678)
Time: Wed May 21 13:24:13 2025  Windows 10 , 64 bit Build 19041 (10.0.19041.5678) elapsed time: 12.979778 seconds (0d 0h 0m 12s)

---------------  T H R E A D  ---------------

Current thread (0x0000018bae497650):  JavaThread "Attach Listener" daemon [_thread_in_native, id=44224, stack(0x0000004079a00000,0x0000004079b00000) (1024K)]

Stack: [0x0000004079a00000,0x0000004079b00000],  sp=0x0000004079afeb90,  free space=1018k
Native frames: (J=compiled Java code, j=interpreted, Vv=VM code, C=native code)
C  [libasyncProfiler.dll+0x926c4]  (no source info available)
C  [libasyncProfiler.dll+0x92b9b]  (no source info available)
C  [libasyncProfiler.dll+0x917f4]  (no source info available)
C  [libasyncProfiler.dll+0x9206a]  (no source info available)
C  [libasyncProfiler.dll+0x8cc21]  (no source info available)
C  [libasyncProfiler.dll+0x7e5e1]  (no source info available)
C  [libasyncProfiler.dll+0x7d2f8]  (no source info available)
C  [libasyncProfiler.dll+0x7d1e0]  (no source info available)
C  [libasyncProfiler.dll+0x841b9]  (no source info available)
V  [jvm.dll+0x57eff7]  (no source info available)
V  [jvm.dll+0x57fdac]  (no source info available)
V  [jvm.dll+0x14ca17]  (no source info available)
V  [jvm.dll+0x14dfe1]  (no source info available)
V  [jvm.dll+0x42f456]  (no source info available)
V  [jvm.dll+0x87d76b]  (no source info available)
V  [jvm.dll+0x72ee55]  (no source info available)
C  [ucrtbase.dll+0x21bb2]  (no source info available)
C  [KERNEL32.DLL+0x17374]  (no source info available)
C  [ntdll.dll+0x4cc91]  (no source info available)


siginfo: EXCEPTION_ACCESS_VIOLATION (0xc0000005), reading address 0xffffffffffffffff


Registers:
RAX=0x0000000000000010, RBX=0x0000000000000000, RCX=0xffffffffffffffff, RDX=0x007fff3acf300010
RSP=0x0000004079afeb90, RBP=0x0000018bae49ba20, RSI=0x0000004079afed00, RDI=0x0000018bae49ba20
R8 =0x0000000000000042, R9 =0x0000000712e01ed8, R10=0x00007fff3af69fb0, R11=0x0000000000000012
R12=0x0000004079afed00, R13=0x0000018b8c1b5c90, R14=0x0000018bae497a18, R15=0x0000018bae497a18
RIP=0x00007fff43fa26c4, EFLAGS=0x0000000000010202

XMM[0]=0x0000000000000000 0x0000000000000000
XMM[1]=0x0000000000000000 0x0000000000000000
XMM[2]=0x0000000000000000 0x0000000000000000
XMM[3]=0x0000000000000000 0x0000000000000000
XMM[4]=0x0000000000000000 0x0000000000000000
XMM[5]=0x0000000000000000 0x0000000000000000
XMM[6]=0x0000000000000000 0x0000000000000000
XMM[7]=0x0000000000000000 0x0000000000000000
XMM[8]=0x0000000000000000 0x0000000000000000
XMM[9]=0x0000000000000000 0x0000000000000000
XMM[10]=0x0000000000000000 0x0000000000000000
XMM[11]=0x0000000000000000 0x0000000000000000
XMM[12]=0x0000000000000000 0x0000000000000000
XMM[13]=0x0000000000000000 0x0000000000000000
XMM[14]=0x0000000000000000 0x0000000000000000
XMM[15]=0x0000000000000000 0x0000000000000000
  MXCSR=0x00001fa0


Register to memory mapping:

RAX=0x0000000000000010 is an unknown value
RBX=0x0 is null
RCX=0xffffffffffffffff is an unknown value
RDX=0x007fff3acf300010 is an unknown value
RSP=0x0000004079afeb90 is pointing into the stack for thread: 0x0000018bae497650
RBP=0x0000018bae49ba20 points into unknown readable memory: 0x000000070fe20068 | 68 00 e2 0f 07 00 00 00
RSI=0x0000004079afed00 is pointing into the stack for thread: 0x0000018bae497650
RDI=0x0000018bae49ba20 points into unknown readable memory: 0x000000070fe20068 | 68 00 e2 0f 07 00 00 00
R8 =0x0000000000000042 is an unknown value
R9 =
[error occurred during error reporting (printing register info), id 0xc0000005, EXCEPTION_ACCESS_VIOLATION (0xc0000005) at pc=0x00007fff3a5eca80]
R10=0x00007fff3af69fb0 jvm.dll
R11=0x0000000000000012 is an unknown value
R12=0x0000004079afed00 is pointing into the stack for thread: 0x0000018bae497650
R13=0x0000018b8c1b5c90 points into unknown readable memory: 0x00007fff3aeda510 | 10 a5 ed 3a ff 7f 00 00
R14=0x0000018bae497a18 points into unknown readable memory: 0x00007fff3aed17b0 | b0 17 ed 3a ff 7f 00 00
R15=0x0000018bae497a18 points into unknown readable memory: 0x00007fff3aed17b0 | b0 17 ed 3a ff 7f 00 00

Top of Stack: (sp=0x0000004079afeb90)
0x0000004079afeb90:   0000004079afed00 0000018bae49ba20   ...y@... .I.....
0x0000004079afeba0:   0000000000000000 0000018bae497da0   .........}I.....
0x0000004079afebb0:   000000000000001a 00007fff43fa2b9b   .........+.C....
0x0000004079afebc0:   0000000000000000 0000018bae497a18   .........zI.....
0x0000004079afebd0:   0000004079afed01 0000000000000000   ...y@...........
0x0000004079afebe0:   0000018bf4e420b0 00007fff43fa17f4   . .........C....
0x0000004079afebf0:   0000000000000000 000000000000001a   ................
0x0000004079afec00:   0000000000000000 000000000000001a   ................
0x0000004079afec10:   0000000b00000000 0000018bf4f0d860   ........`.......
0x0000004079afec20:   0000018bf4e420b0 0000018bf4e42118   . .......!......
0x0000004079afec30:   0000018bf4e42120 00000040000057d0    !.......W..@...
0x0000004079afec40:   0000000000000000 0000000000000000   ................
0x0000004079afec50:   0000000000000000 00007fff3a7357d4   .........Ws:....
0x0000004079afec60:   00007fff440e4ca0 0000000000008f2c   .L.D....,.......
0x0000004079afec70:   00007fff440e4ca0 00000000ffffffff   .L.D............
0x0000004079afec80:   0000000000000000 00007fff43fa206a   ........j .C....
0x0000004079afec90:   0000018bae497a18 0000000000000000   .zI.............
0x0000004079afeca0:   0000004079afed09 0000018b8c1b5c90   ...y@....\......
0x0000004079afecb0:   0000018bf479aa70 00007fff0000002c   p.y.....,.......
0x0000004079afecc0:   0000018b8c0a0000 0000018bf4c59fe0   ................
0x0000004079afecd0:   0000018bae497a18 00007fff440e4ca0   .zI......L.D....
0x0000004079afece0:   0000000000100000 0000000000001000   ................
0x0000004079afecf0:   0000004079afee98 0000018bae497a18   ...y@....zI.....
0x0000004079afed00:   0000018bf4e7d9f0 0000018bf4e7dd30   ........0.......
0x0000004079afed10:   0000018bf4e7dd30 00007fff440e4ca0   0........L.D....
0x0000004079afed20:   0000004079afee98 0000018b8c180000   ...y@...........
0x0000004079afed30:   0000004079afefd0 0000000000008840   ...y@...@.......
0x0000004079afed40:   0000004079aff1b0 00007fff440e4cf0   ...y@....L.D....
0x0000004079afed50:   0000000000989680 0000000000989680   ................
0x0000004079afed60:   0000004079afee70 00007fff43f9cc21   p..y@...!..C....
0x0000004079afed70:   00007fff440e4ca0 00007fff440e4cf8   .L.D.....L.D....
0x0000004079afed80:   00007fff00000000 00007fff00000001   ................

Instructions: (pc=0x00007fff43fa26c4)
  0x00007fff43fa25c4:   cc cc cc cc cc cc cc cc cc cc cc cc cc cc cc cc
  0x00007fff43fa25d4:   cc cc cc cc cc cc cc cc cc cc cc cc cc cc cc cc
  0x00007fff43fa25e4:   cc cc cc cc cc cc cc cc cc cc cc cc cc cc cc cc
  0x00007fff43fa25f4:   cc cc cc cc cc cc cc cc cc cc cc cc cc cc cc cc
  0x00007fff43fa2604:   cc cc cc cc cc cc cc cc cc cc cc cc cc cc cc cc
  0x00007fff43fa2614:   cc cc cc cc cc cc cc cc cc cc cc cc cc cc cc cc
  0x00007fff43fa2624:   cc cc cc cc cc cc cc cc cc cc cc cc cc cc cc cc
  0x00007fff43fa2634:   cc cc cc cc cc cc cc cc cc cc cc cc cc cc cc cc
  0x00007fff43fa2644:   cc cc cc cc cc cc cc cc cc cc cc cc 40 57 48 83
  0x00007fff43fa2654:   ec 20 48 8b f9 48 8b 0d 10 28 14 00 48 85 c9 74
  0x00007fff43fa2664:   20 48 8b 01 48 8d 54 24 38 41 b8 06 00 01 00 4c
  0x00007fff43fa2674:   8b 48 30 41 ff d1 85 c0 75 07 48 8b 4c 24 38 eb
  0x00007fff43fa2684:   02 33 c9 4c 8b 05 ea 28 14 00 48 89 5c 24 30 4d
  0x00007fff43fa2694:   85 c0 74 4a 48 8b 01 48 8b d7 4c 8b 88 28 03 00
  0x00007fff43fa26a4:   00 41 ff d1 48 85 c0 74 35 48 63 0d f8 e6 13 00
  0x00007fff43fa26b4:   48 8b 14 01 48 85 d2 74 15 48 63 05 fc e6 13 00
=>0x00007fff43fa26c4:   8b 04 10 48 8b 5c 24 30 48 83 c4 20 5f c3 b8 ff
  0x00007fff43fa26d4:   ff ff ff 48 8b 5c 24 30 48 83 c4 20 5f c3 80 3d
  0x00007fff43fa26e4:   9b 27 14 00 00 bb ff ff ff ff 74 20 4c 8b 0d 31
  0x00007fff43fa26f4:   24 14 00 4c 8d 44 24 38 48 8b 0d 15 24 14 00 48
  0x00007fff43fa2704:   8b d7 41 ff d1 85 c0 0f 44 5c 24 38 8b c3 48 8b
  0x00007fff43fa2714:   5c 24 30 48 83 c4 20 5f c3 cc cc cc cc cc cc cc
  0x00007fff43fa2724:   cc cc cc cc cc cc cc cc cc cc cc cc cc cc cc cc
  0x00007fff43fa2734:   cc cc cc cc cc cc cc cc cc cc cc cc cc cc cc cc
  0x00007fff43fa2744:   cc cc cc cc cc cc cc cc cc cc cc cc 48 89 54 24
  0x00007fff43fa2754:   10 53 55 56 57 41 56 41 57 48 83 ec 28 48 8b f2
  0x00007fff43fa2764:   4c 8b f1 48 89 4c 24 78 45 33 ff 44 89 7c 24 68
  0x00007fff43fa2774:   c7 44 24 60 01 00 00 00 48 8d 4c 24 68 e8 ed 42
  0x00007fff43fa2784:   f7 ff 8b d8 48 8d 4c 24 60 e8 e1 42 f7 ff 8b e8
  0x00007fff43fa2794:   49 8b ce e8 00 fc f6 ff 48 8b f8 90 8b c3 f0 0f
  0x00007fff43fa27a4:   b1 2f 74 04 f3 90 eb f4 4c 89 3e 4c 89 7e 08 4c
  0x00007fff43fa27b4:   89 7e 10 49 8b 6e 08 4d 8b 76 10 49 3b ee 0f 84


Stack slot to memory mapping:

stack at sp + 0 slots: 0x0000004079afed00 is pointing into the stack for thread: 0x0000018bae497650
stack at sp + 1 slots: 0x0000018bae49ba20 points into unknown readable memory: 0x000000070fe20068 | 68 00 e2 0f 07 00 00 00
stack at sp + 2 slots: 0x0 is null
stack at sp + 3 slots: 0x0000018bae497da0 points into unknown readable memory: 0x000000100000000b | 0b 00 00 00 10 00 00 00
stack at sp + 4 slots: 0x000000000000001a is an unknown value
stack at sp + 5 slots: 0x00007fff43fa2b9b libasyncProfiler.dll
stack at sp + 6 slots: 0x0 is null
stack at sp + 7 slots: 0x0000018bae497a18 points into unknown readable memory: 0x00007fff3aed17b0 | b0 17 ed 3a ff 7f 00 00

Lock stack of current Java thread (top to bottom):


---------------  P R O C E S S  ---------------

Threads class SMR info:
_java_thread_list=0x0000018bae694950, length=16, elements={
0x0000018b8e42e100, 0x0000018b8dfecdf0, 0x0000018b8dfed730, 0x0000018b8dfee360,
0x0000018bae497650, 0x0000018bae49e1b0, 0x0000018bae49ef60, 0x0000018bae49fdc0,
0x0000018bae4aad60, 0x0000018bae661190, 0x0000018bae6618e0, 0x0000018bae6621d0,
0x0000018bae70c4b0, 0x0000018bae7bf1b0, 0x0000018bae8e9860, 0x0000018bf48201f0
}

Java Threads: ( => current thread )
  0x0000018b8e42e100 JavaThread "main"                              [_thread_blocked, id=29192, stack(0x0000004078f00000,0x0000004079000000) (1024K)]
  0x0000018b8dfecdf0 JavaThread "Reference Handler"          daemon [_thread_blocked, id=40808, stack(0x0000004079700000,0x0000004079800000) (1024K)]
  0x0000018b8dfed730 JavaThread "Finalizer"                  daemon [_thread_blocked, id=22340, stack(0x0000004079800000,0x0000004079900000) (1024K)]
  0x0000018b8dfee360 JavaThread "Signal Dispatcher"          daemon [_thread_blocked, id=39692, stack(0x0000004079900000,0x0000004079a00000) (1024K)]
=>0x0000018bae497650 JavaThread "Attach Listener"            daemon [_thread_in_native, id=44224, stack(0x0000004079a00000,0x0000004079b00000) (1024K)]
  0x0000018bae49e1b0 JavaThread "Service Thread"             daemon [_thread_blocked, id=39780, stack(0x0000004079b00000,0x0000004079c00000) (1024K)]
  0x0000018bae49ef60 JavaThread "Monitor Deflation Thread"   daemon [_thread_blocked, id=29092, stack(0x0000004079c00000,0x0000004079d00000) (1024K)]
  0x0000018bae49fdc0 JavaThread "C2 CompilerThread0"         daemon [_thread_blocked, id=9500, stack(0x0000004079d00000,0x0000004079e00000) (1024K)]
  0x0000018bae4aad60 JavaThread "C1 CompilerThread0"         daemon [_thread_blocked, id=32068, stack(0x0000004079e00000,0x0000004079f00000) (1024K)]
  0x0000018bae661190 JavaThread "JDWP Transport Listener: dt_socket" daemon [_thread_blocked, id=43308, stack(0x0000004079f00000,0x000000407a000000) (1024K)]
  0x0000018bae6618e0 JavaThread "JDWP Event Helper Thread"   daemon [_thread_blocked, id=6852, stack(0x000000407a000000,0x000000407a100000) (1024K)]
  0x0000018bae6621d0 JavaThread "JDWP Command Reader"        daemon [_thread_in_native, id=23968, stack(0x000000407a100000,0x000000407a200000) (1024K)]
  0x0000018bae70c4b0 JavaThread "Common-Cleaner"             daemon [_thread_blocked, id=21616, stack(0x000000407a200000,0x000000407a300000) (1024K)]
  0x0000018bae7bf1b0 JavaThread "IntelliJ Suspend Helper"    daemon [_thread_blocked, id=40572, stack(0x000000407a300000,0x000000407a400000) (1024K)]
  0x0000018bae8e9860 JavaThread "Notification Thread"        daemon [_thread_blocked, id=22480, stack(0x000000407a400000,0x000000407a500000) (1024K)]
  0x0000018bf48201f0 JavaThread "BossGroup-1-1"                     [_thread_in_native, id=26440, stack(0x000000407ac00000,0x000000407ad00000) (1024K)]
Total: 16

Other Threads:
  0x0000018b8dfe3d10 VMThread "VM Thread"                           [id=38832, stack(0x0000004079600000,0x0000004079700000) (1024K)]
  0x0000018b8df89800 WatcherThread "VM Periodic Task Thread"        [id=22372, stack(0x0000004079500000,0x0000004079600000) (1024K)]
  0x0000018b8deb67d0 WorkerThread "GC Thread#0"                     [id=45980, stack(0x0000004079000000,0x0000004079100000) (1024K)]
  0x0000018bf49277c0 WorkerThread "GC Thread#1"                     [id=16088, stack(0x000000407a500000,0x000000407a600000) (1024K)]
  0x0000018bf4927b70 WorkerThread "GC Thread#2"                     [id=28712, stack(0x000000407a600000,0x000000407a700000) (1024K)]
  0x0000018bae68ee80 WorkerThread "GC Thread#3"                     [id=11716, stack(0x000000407a700000,0x000000407a800000) (1024K)]
  0x0000018bae68f230 WorkerThread "GC Thread#4"                     [id=40476, stack(0x000000407a800000,0x000000407a900000) (1024K)]
  0x0000018bae68ead0 WorkerThread "GC Thread#5"                     [id=45476, stack(0x000000407a900000,0x000000407aa00000) (1024K)]
  0x0000018bae68f990 WorkerThread "GC Thread#6"                     [id=42768, stack(0x000000407aa00000,0x000000407ab00000) (1024K)]
  0x0000018bae68f5e0 WorkerThread "GC Thread#7"                     [id=42956, stack(0x000000407ab00000,0x000000407ac00000) (1024K)]
  0x0000018b8decb330 ConcurrentGCThread "G1 Main Marker"            [id=44556, stack(0x0000004079100000,0x0000004079200000) (1024K)]
  0x0000018b8decd100 WorkerThread "G1 Conc#0"                       [id=27124, stack(0x0000004079200000,0x0000004079300000) (1024K)]
  0x0000018b8df6b900 ConcurrentGCThread "G1 Refine#0"               [id=29388, stack(0x0000004079300000,0x0000004079400000) (1024K)]
  0x0000018b8df6d240 ConcurrentGCThread "G1 Service"                [id=4472, stack(0x0000004079400000,0x0000004079500000) (1024K)]
Total: 14

Threads with active compile tasks:
Total: 0

VM state: not at safepoint (normal execution)

VM Mutex/Monitor currently owned by a thread: None

Heap address: 0x0000000703200000, size: 4046 MB, Compressed Oops mode: Zero based, Oop shift amount: 3

CDS archive(s) mapped at: [0x0000018baf000000-0x0000018bafd40000-0x0000018bafd40000), size 13893632, SharedBaseAddress: 0x0000018baf000000, ArchiveRelocationMode: 1.
Compressed class space mapped at: 0x0000018bb0000000-0x0000018bf0000000, reserved size: 1073741824
UseCompressedClassPointers 1, UseCompactObjectHeaders 0
Narrow klass pointer bits 32, Max shift 3
Narrow klass base: 0x0000018baf000000, Narrow klass shift: 0
Encoding Range: [0x0000018baf000000 - 0x0000018caf000000), (4294967296 bytes)
Klass Range:    [0x0000018baf000000 - 0x0000018bf0000000), (1090519040 bytes)
Klass ID Range:  [8 - 1090519033) (1090519025)

GC Precious Log:
 CardTable entry size: 512
 Card Set container configuration: InlinePtr #cards 4 size 8 Array Of Cards #cards 16 size 48 Howl #buckets 8 coarsen threshold 3686 Howl Bitmap #cards 512 size 80 coarsen threshold 460 Card regions per heap region 1 cards per card region 4096
 CPUs: 8 total, 8 available
 Memory: 16176M
 Large Page Support: Disabled
 NUMA Support: Disabled
 Compressed Oops: Enabled (Zero based)
 Heap Region Size: 2M
 Heap Min Capacity: 8M
 Heap Initial Capacity: 254M
 Heap Max Capacity: 4046M
 Pre-touch: Disabled
 Parallel Workers: 8
 Concurrent Workers: 2
 Concurrent Refinement Workers: 8
 Periodic GC: Disabled

Heap:
 garbage-first heap   total reserved 4143104K, committed 262144K, used 10403K [0x0000000703200000, 0x0000000800000000)
  region size 2048K, 5 young (10240K), 3 survivors (6144K)
 Metaspace       used 18818K, committed 19136K, reserved 1114112K
  class space    used 1643K, committed 1792K, reserved 1048576K

Heap Regions: E=young(eden), S=young(survivor), O=old, HS=humongous(starts), HC=humongous(continues), CS=collection set, F=free, TAMS=top-at-mark-start, PB=parsable bottom
|   0|0x0000000703200000, 0x000000070330c9e0, 0x0000000703400000| 52%| O|  |TAMS 0x0000000703200000| PB 0x0000000703200000| Untracked |  0
|   1|0x0000000703400000, 0x0000000703400000, 0x0000000703600000|  0%| F|  |TAMS 0x0000000703400000| PB 0x0000000703400000| Untracked |  0
|   2|0x0000000703600000, 0x0000000703600000, 0x0000000703800000|  0%| F|  |TAMS 0x0000000703600000| PB 0x0000000703600000| Untracked |  0
|   3|0x0000000703800000, 0x0000000703800000, 0x0000000703a00000|  0%| F|  |TAMS 0x0000000703800000| PB 0x0000000703800000| Untracked |  0
|   4|0x0000000703a00000, 0x0000000703a00000, 0x0000000703c00000|  0%| F|  |TAMS 0x0000000703a00000| PB 0x0000000703a00000| Untracked |  0
|   5|0x0000000703c00000, 0x0000000703c00000, 0x0000000703e00000|  0%| F|  |TAMS 0x0000000703c00000| PB 0x0000000703c00000| Untracked |  0
|   6|0x0000000703e00000, 0x0000000703e00000, 0x0000000704000000|  0%| F|  |TAMS 0x0000000703e00000| PB 0x0000000703e00000| Untracked |  0
|   7|0x0000000704000000, 0x0000000704000000, 0x0000000704200000|  0%| F|  |TAMS 0x0000000704000000| PB 0x0000000704000000| Untracked |  0
|   8|0x0000000704200000, 0x0000000704200000, 0x0000000704400000|  0%| F|  |TAMS 0x0000000704200000| PB 0x0000000704200000| Untracked |  0
|   9|0x0000000704400000, 0x0000000704400000, 0x0000000704600000|  0%| F|  |TAMS 0x0000000704400000| PB 0x0000000704400000| Untracked |  0
|  10|0x0000000704600000, 0x0000000704600000, 0x0000000704800000|  0%| F|  |TAMS 0x0000000704600000| PB 0x0000000704600000| Untracked |  0
|  11|0x0000000704800000, 0x0000000704800000, 0x0000000704a00000|  0%| F|  |TAMS 0x0000000704800000| PB 0x0000000704800000| Untracked |  0
|  12|0x0000000704a00000, 0x0000000704a00000, 0x0000000704c00000|  0%| F|  |TAMS 0x0000000704a00000| PB 0x0000000704a00000| Untracked |  0
|  13|0x0000000704c00000, 0x0000000704c00000, 0x0000000704e00000|  0%| F|  |TAMS 0x0000000704c00000| PB 0x0000000704c00000| Untracked |  0
|  14|0x0000000704e00000, 0x0000000704e00000, 0x0000000705000000|  0%| F|  |TAMS 0x0000000704e00000| PB 0x0000000704e00000| Untracked |  0
|  15|0x0000000705000000, 0x0000000705000000, 0x0000000705200000|  0%| F|  |TAMS 0x0000000705000000| PB 0x0000000705000000| Untracked |  0
|  16|0x0000000705200000, 0x0000000705200000, 0x0000000705400000|  0%| F|  |TAMS 0x0000000705200000| PB 0x0000000705200000| Untracked |  0
|  17|0x0000000705400000, 0x0000000705400000, 0x0000000705600000|  0%| F|  |TAMS 0x0000000705400000| PB 0x0000000705400000| Untracked |  0
|  18|0x0000000705600000, 0x0000000705600000, 0x0000000705800000|  0%| F|  |TAMS 0x0000000705600000| PB 0x0000000705600000| Untracked |  0
|  19|0x0000000705800000, 0x0000000705800000, 0x0000000705a00000|  0%| F|  |TAMS 0x0000000705800000| PB 0x0000000705800000| Untracked |  0
|  20|0x0000000705a00000, 0x0000000705a00000, 0x0000000705c00000|  0%| F|  |TAMS 0x0000000705a00000| PB 0x0000000705a00000| Untracked |  0
|  21|0x0000000705c00000, 0x0000000705c00000, 0x0000000705e00000|  0%| F|  |TAMS 0x0000000705c00000| PB 0x0000000705c00000| Untracked |  0
|  22|0x0000000705e00000, 0x0000000705e00000, 0x0000000706000000|  0%| F|  |TAMS 0x0000000705e00000| PB 0x0000000705e00000| Untracked |  0
|  23|0x0000000706000000, 0x0000000706000000, 0x0000000706200000|  0%| F|  |TAMS 0x0000000706000000| PB 0x0000000706000000| Untracked |  0
|  24|0x0000000706200000, 0x0000000706200000, 0x0000000706400000|  0%| F|  |TAMS 0x0000000706200000| PB 0x0000000706200000| Untracked |  0
|  25|0x0000000706400000, 0x0000000706400000, 0x0000000706600000|  0%| F|  |TAMS 0x0000000706400000| PB 0x0000000706400000| Untracked |  0
|  26|0x0000000706600000, 0x0000000706600000, 0x0000000706800000|  0%| F|  |TAMS 0x0000000706600000| PB 0x0000000706600000| Untracked |  0
|  27|0x0000000706800000, 0x0000000706800000, 0x0000000706a00000|  0%| F|  |TAMS 0x0000000706800000| PB 0x0000000706800000| Untracked |  0
|  28|0x0000000706a00000, 0x0000000706a00000, 0x0000000706c00000|  0%| F|  |TAMS 0x0000000706a00000| PB 0x0000000706a00000| Untracked |  0
|  29|0x0000000706c00000, 0x0000000706c00000, 0x0000000706e00000|  0%| F|  |TAMS 0x0000000706c00000| PB 0x0000000706c00000| Untracked |  0
|  30|0x0000000706e00000, 0x0000000706e00000, 0x0000000707000000|  0%| F|  |TAMS 0x0000000706e00000| PB 0x0000000706e00000| Untracked |  0
|  31|0x0000000707000000, 0x0000000707000000, 0x0000000707200000|  0%| F|  |TAMS 0x0000000707000000| PB 0x0000000707000000| Untracked |  0
|  32|0x0000000707200000, 0x0000000707200000, 0x0000000707400000|  0%| F|  |TAMS 0x0000000707200000| PB 0x0000000707200000| Untracked |  0
|  33|0x0000000707400000, 0x0000000707400000, 0x0000000707600000|  0%| F|  |TAMS 0x0000000707400000| PB 0x0000000707400000| Untracked |  0
|  34|0x0000000707600000, 0x0000000707600000, 0x0000000707800000|  0%| F|  |TAMS 0x0000000707600000| PB 0x0000000707600000| Untracked |  0
|  35|0x0000000707800000, 0x0000000707800000, 0x0000000707a00000|  0%| F|  |TAMS 0x0000000707800000| PB 0x0000000707800000| Untracked |  0
|  36|0x0000000707a00000, 0x0000000707a00000, 0x0000000707c00000|  0%| F|  |TAMS 0x0000000707a00000| PB 0x0000000707a00000| Untracked |  0
|  37|0x0000000707c00000, 0x0000000707c00000, 0x0000000707e00000|  0%| F|  |TAMS 0x0000000707c00000| PB 0x0000000707c00000| Untracked |  0
|  38|0x0000000707e00000, 0x0000000707e00000, 0x0000000708000000|  0%| F|  |TAMS 0x0000000707e00000| PB 0x0000000707e00000| Untracked |  0
|  39|0x0000000708000000, 0x0000000708000000, 0x0000000708200000|  0%| F|  |TAMS 0x0000000708000000| PB 0x0000000708000000| Untracked |  0
|  40|0x0000000708200000, 0x0000000708200000, 0x0000000708400000|  0%| F|  |TAMS 0x0000000708200000| PB 0x0000000708200000| Untracked |  0
|  41|0x0000000708400000, 0x0000000708400000, 0x0000000708600000|  0%| F|  |TAMS 0x0000000708400000| PB 0x0000000708400000| Untracked |  0
|  42|0x0000000708600000, 0x0000000708600000, 0x0000000708800000|  0%| F|  |TAMS 0x0000000708600000| PB 0x0000000708600000| Untracked |  0
|  43|0x0000000708800000, 0x0000000708800000, 0x0000000708a00000|  0%| F|  |TAMS 0x0000000708800000| PB 0x0000000708800000| Untracked |  0
|  44|0x0000000708a00000, 0x0000000708a00000, 0x0000000708c00000|  0%| F|  |TAMS 0x0000000708a00000| PB 0x0000000708a00000| Untracked |  0
|  45|0x0000000708c00000, 0x0000000708c00000, 0x0000000708e00000|  0%| F|  |TAMS 0x0000000708c00000| PB 0x0000000708c00000| Untracked |  0
|  46|0x0000000708e00000, 0x0000000708e00000, 0x0000000709000000|  0%| F|  |TAMS 0x0000000708e00000| PB 0x0000000708e00000| Untracked |  0
|  47|0x0000000709000000, 0x0000000709000000, 0x0000000709200000|  0%| F|  |TAMS 0x0000000709000000| PB 0x0000000709000000| Untracked |  0
|  48|0x0000000709200000, 0x0000000709200000, 0x0000000709400000|  0%| F|  |TAMS 0x0000000709200000| PB 0x0000000709200000| Untracked |  0
|  49|0x0000000709400000, 0x0000000709400000, 0x0000000709600000|  0%| F|  |TAMS 0x0000000709400000| PB 0x0000000709400000| Untracked |  0
|  50|0x0000000709600000, 0x0000000709600000, 0x0000000709800000|  0%| F|  |TAMS 0x0000000709600000| PB 0x0000000709600000| Untracked |  0
|  51|0x0000000709800000, 0x0000000709800000, 0x0000000709a00000|  0%| F|  |TAMS 0x0000000709800000| PB 0x0000000709800000| Untracked |  0
|  52|0x0000000709a00000, 0x0000000709a00000, 0x0000000709c00000|  0%| F|  |TAMS 0x0000000709a00000| PB 0x0000000709a00000| Untracked |  0
|  53|0x0000000709c00000, 0x0000000709c00000, 0x0000000709e00000|  0%| F|  |TAMS 0x0000000709c00000| PB 0x0000000709c00000| Untracked |  0
|  54|0x0000000709e00000, 0x0000000709e00000, 0x000000070a000000|  0%| F|  |TAMS 0x0000000709e00000| PB 0x0000000709e00000| Untracked |  0
|  55|0x000000070a000000, 0x000000070a000000, 0x000000070a200000|  0%| F|  |TAMS 0x000000070a000000| PB 0x000000070a000000| Untracked |  0
|  56|0x000000070a200000, 0x000000070a200000, 0x000000070a400000|  0%| F|  |TAMS 0x000000070a200000| PB 0x000000070a200000| Untracked |  0
|  57|0x000000070a400000, 0x000000070a400000, 0x000000070a600000|  0%| F|  |TAMS 0x000000070a400000| PB 0x000000070a400000| Untracked |  0
|  58|0x000000070a600000, 0x000000070a600000, 0x000000070a800000|  0%| F|  |TAMS 0x000000070a600000| PB 0x000000070a600000| Untracked |  0
|  59|0x000000070a800000, 0x000000070a800000, 0x000000070aa00000|  0%| F|  |TAMS 0x000000070a800000| PB 0x000000070a800000| Untracked |  0
|  60|0x000000070aa00000, 0x000000070aa00000, 0x000000070ac00000|  0%| F|  |TAMS 0x000000070aa00000| PB 0x000000070aa00000| Untracked |  0
|  61|0x000000070ac00000, 0x000000070ac00000, 0x000000070ae00000|  0%| F|  |TAMS 0x000000070ac00000| PB 0x000000070ac00000| Untracked |  0
|  62|0x000000070ae00000, 0x000000070ae00000, 0x000000070b000000|  0%| F|  |TAMS 0x000000070ae00000| PB 0x000000070ae00000| Untracked |  0
|  63|0x000000070b000000, 0x000000070b000000, 0x000000070b200000|  0%| F|  |TAMS 0x000000070b000000| PB 0x000000070b000000| Untracked |  0
|  64|0x000000070b200000, 0x000000070b200000, 0x000000070b400000|  0%| F|  |TAMS 0x000000070b200000| PB 0x000000070b200000| Untracked |  0
|  65|0x000000070b400000, 0x000000070b400000, 0x000000070b600000|  0%| F|  |TAMS 0x000000070b400000| PB 0x000000070b400000| Untracked |  0
|  66|0x000000070b600000, 0x000000070b600000, 0x000000070b800000|  0%| F|  |TAMS 0x000000070b600000| PB 0x000000070b600000| Untracked |  0
|  67|0x000000070b800000, 0x000000070b800000, 0x000000070ba00000|  0%| F|  |TAMS 0x000000070b800000| PB 0x000000070b800000| Untracked |  0
|  68|0x000000070ba00000, 0x000000070ba00000, 0x000000070bc00000|  0%| F|  |TAMS 0x000000070ba00000| PB 0x000000070ba00000| Untracked |  0
|  69|0x000000070bc00000, 0x000000070bc00000, 0x000000070be00000|  0%| F|  |TAMS 0x000000070bc00000| PB 0x000000070bc00000| Untracked |  0
|  70|0x000000070be00000, 0x000000070be00000, 0x000000070c000000|  0%| F|  |TAMS 0x000000070be00000| PB 0x000000070be00000| Untracked |  0
|  71|0x000000070c000000, 0x000000070c000000, 0x000000070c200000|  0%| F|  |TAMS 0x000000070c000000| PB 0x000000070c000000| Untracked |  0
|  72|0x000000070c200000, 0x000000070c200000, 0x000000070c400000|  0%| F|  |TAMS 0x000000070c200000| PB 0x000000070c200000| Untracked |  0
|  73|0x000000070c400000, 0x000000070c400000, 0x000000070c600000|  0%| F|  |TAMS 0x000000070c400000| PB 0x000000070c400000| Untracked |  0
|  74|0x000000070c600000, 0x000000070c600000, 0x000000070c800000|  0%| F|  |TAMS 0x000000070c600000| PB 0x000000070c600000| Untracked |  0
|  75|0x000000070c800000, 0x000000070c800000, 0x000000070ca00000|  0%| F|  |TAMS 0x000000070c800000| PB 0x000000070c800000| Untracked |  0
|  76|0x000000070ca00000, 0x000000070ca00000, 0x000000070cc00000|  0%| F|  |TAMS 0x000000070ca00000| PB 0x000000070ca00000| Untracked |  0
|  77|0x000000070cc00000, 0x000000070cc00000, 0x000000070ce00000|  0%| F|  |TAMS 0x000000070cc00000| PB 0x000000070cc00000| Untracked |  0
|  78|0x000000070ce00000, 0x000000070ce00000, 0x000000070d000000|  0%| F|  |TAMS 0x000000070ce00000| PB 0x000000070ce00000| Untracked |  0
|  79|0x000000070d000000, 0x000000070d000000, 0x000000070d200000|  0%| F|  |TAMS 0x000000070d000000| PB 0x000000070d000000| Untracked |  0
|  80|0x000000070d200000, 0x000000070d200000, 0x000000070d400000|  0%| F|  |TAMS 0x000000070d200000| PB 0x000000070d200000| Untracked |  0
|  81|0x000000070d400000, 0x000000070d400000, 0x000000070d600000|  0%| F|  |TAMS 0x000000070d400000| PB 0x000000070d400000| Untracked |  0
|  82|0x000000070d600000, 0x000000070d600000, 0x000000070d800000|  0%| F|  |TAMS 0x000000070d600000| PB 0x000000070d600000| Untracked |  0
|  83|0x000000070d800000, 0x000000070d800000, 0x000000070da00000|  0%| F|  |TAMS 0x000000070d800000| PB 0x000000070d800000| Untracked |  0
|  84|0x000000070da00000, 0x000000070da00000, 0x000000070dc00000|  0%| F|  |TAMS 0x000000070da00000| PB 0x000000070da00000| Untracked |  0
|  85|0x000000070dc00000, 0x000000070dc00000, 0x000000070de00000|  0%| F|  |TAMS 0x000000070dc00000| PB 0x000000070dc00000| Untracked |  0
|  86|0x000000070de00000, 0x000000070de00000, 0x000000070e000000|  0%| F|  |TAMS 0x000000070de00000| PB 0x000000070de00000| Untracked |  0
|  87|0x000000070e000000, 0x000000070e000000, 0x000000070e200000|  0%| F|  |TAMS 0x000000070e000000| PB 0x000000070e000000| Untracked |  0
|  88|0x000000070e200000, 0x000000070e200000, 0x000000070e400000|  0%| F|  |TAMS 0x000000070e200000| PB 0x000000070e200000| Untracked |  0
|  89|0x000000070e400000, 0x000000070e400000, 0x000000070e600000|  0%| F|  |TAMS 0x000000070e400000| PB 0x000000070e400000| Untracked |  0
|  90|0x000000070e600000, 0x000000070e600000, 0x000000070e800000|  0%| F|  |TAMS 0x000000070e600000| PB 0x000000070e600000| Untracked |  0
|  91|0x000000070e800000, 0x000000070e800000, 0x000000070ea00000|  0%| F|  |TAMS 0x000000070e800000| PB 0x000000070e800000| Untracked |  0
|  92|0x000000070ea00000, 0x000000070ea00000, 0x000000070ec00000|  0%| F|  |TAMS 0x000000070ea00000| PB 0x000000070ea00000| Untracked |  0
|  93|0x000000070ec00000, 0x000000070ec00000, 0x000000070ee00000|  0%| F|  |TAMS 0x000000070ec00000| PB 0x000000070ec00000| Untracked |  0
|  94|0x000000070ee00000, 0x000000070ee00000, 0x000000070f000000|  0%| F|  |TAMS 0x000000070ee00000| PB 0x000000070ee00000| Untracked |  0
|  95|0x000000070f000000, 0x000000070f000000, 0x000000070f200000|  0%| F|  |TAMS 0x000000070f000000| PB 0x000000070f000000| Untracked |  0
|  96|0x000000070f200000, 0x000000070f200000, 0x000000070f400000|  0%| F|  |TAMS 0x000000070f200000| PB 0x000000070f200000| Untracked |  0
|  97|0x000000070f400000, 0x000000070f400000, 0x000000070f600000|  0%| F|  |TAMS 0x000000070f400000| PB 0x000000070f400000| Untracked |  0
|  98|0x000000070f600000, 0x000000070f600000, 0x000000070f800000|  0%| F|  |TAMS 0x000000070f600000| PB 0x000000070f600000| Untracked |  0
|  99|0x000000070f800000, 0x000000070f800000, 0x000000070fa00000|  0%| F|  |TAMS 0x000000070f800000| PB 0x000000070f800000| Untracked |  0
| 100|0x000000070fa00000, 0x000000070fc00000, 0x000000070fc00000|100%| S|CS|TAMS 0x000000070fa00000| PB 0x000000070fa00000| Complete |  0
| 101|0x000000070fc00000, 0x000000070fe00000, 0x000000070fe00000|100%| S|CS|TAMS 0x000000070fc00000| PB 0x000000070fc00000| Complete |  0
| 102|0x000000070fe00000, 0x0000000710000000, 0x0000000710000000|100%| S|CS|TAMS 0x000000070fe00000| PB 0x000000070fe00000| Complete |  0
| 103|0x0000000710000000, 0x0000000710000000, 0x0000000710200000|  0%| F|  |TAMS 0x0000000710000000| PB 0x0000000710000000| Untracked |  0
| 104|0x0000000710200000, 0x0000000710200000, 0x0000000710400000|  0%| F|  |TAMS 0x0000000710200000| PB 0x0000000710200000| Untracked |  0
| 105|0x0000000710400000, 0x0000000710400000, 0x0000000710600000|  0%| F|  |TAMS 0x0000000710400000| PB 0x0000000710400000| Untracked |  0
| 106|0x0000000710600000, 0x0000000710600000, 0x0000000710800000|  0%| F|  |TAMS 0x0000000710600000| PB 0x0000000710600000| Untracked |  0
| 107|0x0000000710800000, 0x0000000710800000, 0x0000000710a00000|  0%| F|  |TAMS 0x0000000710800000| PB 0x0000000710800000| Untracked |  0
| 108|0x0000000710a00000, 0x0000000710a00000, 0x0000000710c00000|  0%| F|  |TAMS 0x0000000710a00000| PB 0x0000000710a00000| Untracked |  0
| 109|0x0000000710c00000, 0x0000000710c00000, 0x0000000710e00000|  0%| F|  |TAMS 0x0000000710c00000| PB 0x0000000710c00000| Untracked |  0
| 110|0x0000000710e00000, 0x0000000710e00000, 0x0000000711000000|  0%| F|  |TAMS 0x0000000710e00000| PB 0x0000000710e00000| Untracked |  0
| 111|0x0000000711000000, 0x0000000711000000, 0x0000000711200000|  0%| F|  |TAMS 0x0000000711000000| PB 0x0000000711000000| Untracked |  0
| 112|0x0000000711200000, 0x0000000711200000, 0x0000000711400000|  0%| F|  |TAMS 0x0000000711200000| PB 0x0000000711200000| Untracked |  0
| 113|0x0000000711400000, 0x0000000711400000, 0x0000000711600000|  0%| F|  |TAMS 0x0000000711400000| PB 0x0000000711400000| Untracked |  0
| 114|0x0000000711600000, 0x0000000711600000, 0x0000000711800000|  0%| F|  |TAMS 0x0000000711600000| PB 0x0000000711600000| Untracked |  0
| 115|0x0000000711800000, 0x0000000711800000, 0x0000000711a00000|  0%| F|  |TAMS 0x0000000711800000| PB 0x0000000711800000| Untracked |  0
| 116|0x0000000711a00000, 0x0000000711a00000, 0x0000000711c00000|  0%| F|  |TAMS 0x0000000711a00000| PB 0x0000000711a00000| Untracked |  0
| 117|0x0000000711c00000, 0x0000000711c00000, 0x0000000711e00000|  0%| F|  |TAMS 0x0000000711c00000| PB 0x0000000711c00000| Untracked |  0
| 118|0x0000000711e00000, 0x0000000711e00000, 0x0000000712000000|  0%| F|  |TAMS 0x0000000711e00000| PB 0x0000000711e00000| Untracked |  0
| 119|0x0000000712000000, 0x0000000712000000, 0x0000000712200000|  0%| F|  |TAMS 0x0000000712000000| PB 0x0000000712000000| Untracked |  0
| 120|0x0000000712200000, 0x0000000712200000, 0x0000000712400000|  0%| F|  |TAMS 0x0000000712200000| PB 0x0000000712200000| Untracked |  0
| 121|0x0000000712400000, 0x0000000712400000, 0x0000000712600000|  0%| F|  |TAMS 0x0000000712400000| PB 0x0000000712400000| Untracked |  0
| 122|0x0000000712600000, 0x0000000712600000, 0x0000000712800000|  0%| F|  |TAMS 0x0000000712600000| PB 0x0000000712600000| Untracked |  0
| 123|0x0000000712800000, 0x0000000712800000, 0x0000000712a00000|  0%| F|  |TAMS 0x0000000712800000| PB 0x0000000712800000| Untracked |  0
| 124|0x0000000712a00000, 0x0000000712a00000, 0x0000000712c00000|  0%| F|  |TAMS 0x0000000712a00000| PB 0x0000000712a00000| Untracked |  0
| 125|0x0000000712c00000, 0x0000000712dc5ac0, 0x0000000712e00000| 88%| E|  |TAMS 0x0000000712c00000| PB 0x0000000712c00000| Complete |  0
| 126|0x0000000712e00000, 0x0000000713000000, 0x0000000713000000|100%| E|CS|TAMS 0x0000000712e00000| PB 0x0000000712e00000| Complete |  0
|2022|0x00000007ffe00000, 0x00000007fff1c288, 0x0000000800000000| 55%| O|  |TAMS 0x00000007ffe00000| PB 0x00000007ffe00000| Untracked |  0

Card table byte_map: [0x0000018ba7370000,0x0000018ba7b60000] _byte_map_base: 0x0000018ba3b57000

Marking Bits: (CMBitMap*) 0x0000018b8deb6df0
 Bits: [0x0000018ba7b60000, 0x0000018baba98000)

Polling page: 0x0000018b8c160000

Metaspace:

Usage:
  Non-class:     16.77 MB used.
      Class:      1.61 MB used.
       Both:     18.38 MB used.

Virtual space:
  Non-class space:       64.00 MB reserved,      16.94 MB ( 26%) committed,  1 nodes.
      Class space:        1.00 GB reserved,       1.75 MB ( <1%) committed,  1 nodes.
             Both:        1.06 GB reserved,      18.69 MB (  2%) committed. 

Chunk freelists:
   Non-Class:  14.93 MB
       Class:  14.11 MB
        Both:  29.04 MB

MaxMetaspaceSize: unlimited
CompressedClassSpaceSize: 1.00 GB
Initial GC threshold: 21.00 MB
Current GC threshold: 21.00 MB
CDS: on
 - commit_granule_bytes: 65536.
 - commit_granule_words: 8192.
 - virtual_space_node_default_size: 8388608.
 - enlarge_chunks_in_place: 1.
UseCompressedClassPointers 1, UseCompactObjectHeaders 0
Narrow klass pointer bits 32, Max shift 3
Narrow klass base: 0x0000018baf000000, Narrow klass shift: 0
Encoding Range: [0x0000018baf000000 - 0x0000018caf000000), (4294967296 bytes)
Klass Range:    [0x0000018baf000000 - 0x0000018bf0000000), (1090519040 bytes)
Klass ID Range:  [8 - 1090519033) (1090519025)


Internal statistics:

num_allocs_failed_limit: 0.
num_arena_births: 188.
num_arena_deaths: 0.
num_vsnodes_births: 2.
num_vsnodes_deaths: 0.
num_space_committed: 299.
num_space_uncommitted: 0.
num_chunks_returned_to_freelist: 0.
num_chunks_taken_from_freelist: 492.
num_chunk_merges: 0.
num_chunk_splits: 327.
num_chunks_enlarged: 247.
num_inconsistent_stats: 0.

CodeHeap 'non-profiled nmethods': size=120064Kb used=681Kb max_used=681Kb free=119382Kb
 bounds [0x0000018b9eed0000, 0x0000018b9f140000, 0x0000018ba6410000]
CodeHeap 'profiled nmethods': size=120000Kb used=3398Kb max_used=3398Kb free=116601Kb
 bounds [0x0000018b97410000, 0x0000018b97770000, 0x0000018b9e940000]
CodeHeap 'non-nmethods': size=5696Kb used=1457Kb max_used=1482Kb free=4238Kb
 bounds [0x0000018b9e940000, 0x0000018b9ebb0000, 0x0000018b9eed0000]
CodeCache: size=245760Kb, used=5536Kb, max_used=5561Kb, free=240221Kb
 total_blobs=2763, nmethods=2205, adapters=463, full_count=0
Compilation: enabled, stopped_count=0, restarted_count=0

Compilation events (20 events):
Event: 12.934 Thread 0x0000018bae4aad60 2135       3       java.lang.invoke.LambdaForm::returnType (26 bytes)
Event: 12.934 Thread 0x0000018bae4aad60 nmethod 2135 0x0000018b97748e88 code [0x0000018b97748fa0, 0x0000018b97749148]
Event: 12.934 Thread 0x0000018bae4aad60 2137       3       jdk.internal.classfile.impl.AnnotationReader::writeAnnotation (80 bytes)
Event: 12.935 Thread 0x0000018bae4aad60 nmethod 2137 0x0000018b97749188 code [0x0000018b977494e0, 0x0000018b9774b3d8]
Event: 12.935 Thread 0x0000018bae4aad60 2136       3       jdk.internal.classfile.impl.DirectCodeBuilder::return_ (12 bytes)
Event: 12.936 Thread 0x0000018bae4aad60 nmethod 2136 0x0000018b9774b508 code [0x0000018b9774b620, 0x0000018b9774b800]
Event: 12.936 Thread 0x0000018bae4aad60 2138       3       java.lang.invoke.MethodHandleNatives::refKindHasReceiver (33 bytes)
Event: 12.936 Thread 0x0000018bae4aad60 nmethod 2138 0x0000018b9774b888 code [0x0000018b9774b9a0, 0x0000018b9774bae8]
Event: 12.937 Thread 0x0000018bae4aad60 2141       3       java.nio.Buffer::remaining (20 bytes)
Event: 12.937 Thread 0x0000018bae4aad60 nmethod 2141 0x0000018b9774bb88 code [0x0000018b9774bca0, 0x0000018b9774be18]
Event: 12.943 Thread 0x0000018bae49fdc0 2143       4       java.util.RegularEnumSet::contains (57 bytes)
Event: 12.944 Thread 0x0000018bae49fdc0 nmethod 2143 0x0000018b9ef76408 code [0x0000018b9ef76500, 0x0000018b9ef76630]
Event: 12.944 Thread 0x0000018bae4aad60 2144       3       java.util.BitSet::previousSetBit (117 bytes)
Event: 12.945 Thread 0x0000018bae4aad60 nmethod 2144 0x0000018b9774be88 code [0x0000018b9774c0c0, 0x0000018b9774cd88]
Event: 12.952 Thread 0x0000018bae4aad60 2145       3       java.util.Collections$UnmodifiableCollection$1::hasNext (10 bytes)
Event: 12.952 Thread 0x0000018bae4aad60 nmethod 2145 0x0000018b9774ce08 code [0x0000018b9774cf20, 0x0000018b9774d108]
Event: 12.952 Thread 0x0000018bae4aad60 2146       3       java.util.Collections$UnmodifiableCollection$1::next (10 bytes)
Event: 12.952 Thread 0x0000018bae4aad60 nmethod 2146 0x0000018b9774d188 code [0x0000018b9774d2a0, 0x0000018b9774d480]
Event: 12.952 Thread 0x0000018bae4aad60 2147       3       jdk.internal.misc.VM::isModuleSystemInited (13 bytes)
Event: 12.953 Thread 0x0000018bae4aad60 nmethod 2147 0x0000018b9774d508 code [0x0000018b9774d620, 0x0000018b9774d768]

GC Heap History (0 events):
No events

Dll operation events (14 events):
Event: 0.021 Loaded shared library C:\Users\29684\.jdks\openjdk-24.0.1\bin\java.dll
Event: 0.025 Loaded shared library C:\Users\29684\.jdks\openjdk-24.0.1\bin\zip.dll
Event: 0.062 Loaded shared library C:\Users\29684\.jdks\openjdk-24.0.1\bin\jsvml.dll
Event: 0.176 Loaded shared library C:\Users\29684\.jdks\openjdk-24.0.1\bin\instrument.dll
Event: 0.323 Loaded shared library C:\Users\29684\.jdks\openjdk-24.0.1\bin\net.dll
Event: 0.326 Loaded shared library C:\Users\29684\.jdks\openjdk-24.0.1\bin\nio.dll
Event: 0.344 Loaded shared library C:\Users\29684\.jdks\openjdk-24.0.1\bin\zip.dll
Event: 0.366 Loaded shared library C:\Users\29684\.jdks\openjdk-24.0.1\bin\verify.dll
Event: 0.383 Loaded shared library C:\Users\29684\.jdks\openjdk-24.0.1\bin\jimage.dll
Event: 0.556 Loaded shared library C:\Users\29684\.jdks\openjdk-24.0.1\bin\management.dll
Event: 0.559 Loaded shared library C:\Users\29684\.jdks\openjdk-24.0.1\bin\management_ext.dll
Event: 1.448 Loaded shared library C:\Users\29684\.jdks\openjdk-24.0.1\bin\sunmscapi.dll
Event: 1.487 Loaded shared library C:\Users\29684\.jdks\openjdk-24.0.1\bin\extnet.dll
Event: 12.909 Loaded shared library C:\Users\29684\AppData\Local\Temp\idea_libasyncProfiler_dll_temp_folder7\libasyncProfiler.dll

Deoptimization events (20 events):
Event: 12.944 Thread 0x0000018b8e42e100 DEOPT PACKING pc=0x0000018b974d36c4 sp=0x0000004078ffb840
Event: 12.944 Thread 0x0000018b8e42e100 DEOPT UNPACKING pc=0x0000018b9e995722 sp=0x0000004078fface8 mode 1
Event: 12.958 Thread 0x0000018b8e42e100 DEOPT PACKING pc=0x0000018b976cca70 sp=0x0000004078ffa120
Event: 12.958 Thread 0x0000018b8e42e100 DEOPT UNPACKING pc=0x0000018b9e995722 sp=0x0000004078ff9590 mode 0
Event: 12.961 Thread 0x0000018b8e42e100 DEOPT PACKING pc=0x0000018b974d3b49 sp=0x0000004078ffdd40
Event: 12.961 Thread 0x0000018b8e42e100 DEOPT UNPACKING pc=0x0000018b9e995722 sp=0x0000004078ffd1e8 mode 1
Event: 12.961 Thread 0x0000018b8e42e100 DEOPT PACKING pc=0x0000018b974d36c4 sp=0x0000004078ffdda0
Event: 12.961 Thread 0x0000018b8e42e100 DEOPT UNPACKING pc=0x0000018b9e995722 sp=0x0000004078ffd258 mode 1
Event: 12.961 Thread 0x0000018b8e42e100 DEOPT PACKING pc=0x0000018b974d3b49 sp=0x0000004078ffd340
Event: 12.961 Thread 0x0000018b8e42e100 DEOPT UNPACKING pc=0x0000018b9e995722 sp=0x0000004078ffc7e8 mode 1
Event: 12.961 Thread 0x0000018b8e42e100 DEOPT PACKING pc=0x0000018b974d36c4 sp=0x0000004078ffd3a0
Event: 12.961 Thread 0x0000018b8e42e100 DEOPT UNPACKING pc=0x0000018b9e995722 sp=0x0000004078ffc848 mode 1
Event: 12.968 Thread 0x0000018b8e42e100 DEOPT PACKING pc=0x0000018b974d3b49 sp=0x0000004078ffdf60
Event: 12.968 Thread 0x0000018b8e42e100 DEOPT UNPACKING pc=0x0000018b9e995722 sp=0x0000004078ffd408 mode 1
Event: 12.968 Thread 0x0000018b8e42e100 DEOPT PACKING pc=0x0000018b974d36c4 sp=0x0000004078ffdfc0
Event: 12.968 Thread 0x0000018b8e42e100 DEOPT UNPACKING pc=0x0000018b9e995722 sp=0x0000004078ffd478 mode 1
Event: 12.968 Thread 0x0000018b8e42e100 DEOPT PACKING pc=0x0000018b974d3b49 sp=0x0000004078ffd560
Event: 12.968 Thread 0x0000018b8e42e100 DEOPT UNPACKING pc=0x0000018b9e995722 sp=0x0000004078ffca08 mode 1
Event: 12.968 Thread 0x0000018b8e42e100 DEOPT PACKING pc=0x0000018b974d36c4 sp=0x0000004078ffd5c0
Event: 12.968 Thread 0x0000018b8e42e100 DEOPT UNPACKING pc=0x0000018b9e995722 sp=0x0000004078ffca68 mode 1

Classes loaded (20 events):
Event: 12.965 Loading class io/netty/channel/DefaultChannelHandlerContext
Event: 12.965 Loading class io/netty/channel/DefaultChannelHandlerContext done
Event: 12.966 Loading class io/netty/channel/ChannelProgressivePromise
Event: 12.966 Loading class io/netty/channel/ChannelProgressivePromise done
Event: 12.966 Loading class io/netty/channel/ChannelProgressiveFuture
Event: 12.966 Loading class io/netty/channel/ChannelProgressiveFuture done
Event: 12.966 Loading class io/netty/channel/ChannelPipelineException
Event: 12.966 Loading class io/netty/channel/ChannelPipelineException done
Event: 12.967 Loading class io/netty/channel/DefaultChannelPipeline$PendingHandlerCallback
Event: 12.967 Loading class io/netty/channel/DefaultChannelPipeline$PendingHandlerCallback done
Event: 12.967 Loading class io/netty/channel/DefaultChannelPipeline$PendingHandlerAddedTask
Event: 12.967 Loading class io/netty/channel/DefaultChannelPipeline$PendingHandlerAddedTask done
Event: 12.967 Loading class io/netty/channel/DefaultChannelPipeline$PendingHandlerRemovedTask
Event: 12.967 Loading class io/netty/channel/DefaultChannelPipeline$PendingHandlerRemovedTask done
Event: 12.967 Loading class org/slf4j/ext/EventData
Event: 12.967 Loading class org/slf4j/ext/EventData done
Event: 12.968 Loading class org/slf4j/ext/EventData
Event: 12.968 Loading class org/slf4j/ext/EventData done
Event: 12.968 Loading class io/netty/channel/MessageSizeEstimator$Handle
Event: 12.968 Loading class io/netty/channel/MessageSizeEstimator$Handle done

Classes unloaded (0 events):
No events

Classes redefined (1 events):
Event: 0.269 Thread 0x0000018b8dfe3d10 redefined class name=java.lang.Throwable, count=1

Internal exceptions (20 events):
Event: 1.083 Thread 0x0000018b8e42e100 Exception <a 'java/lang/NoSuchMethodError'{0x00000007112e2cf8}: 'void java.lang.invoke.DelegatingMethodHandle$Holder.delegate(java.lang.Object, java.lang.Object, int, java.lang.Object)'> (0x00000007112e2cf8) 
thrown [s\open\src\hotspot\share\interpreter\linkResolver.cpp, line 805]
Event: 1.105 Thread 0x0000018b8e42e100 Exception <a 'java/lang/NoSuchMethodError'{0x00000007113985f0}: 'int java.lang.invoke.DirectMethodHandle$Holder.invokeInterface(java.lang.Object, java.lang.Object)'> (0x00000007113985f0) 
thrown [s\open\src\hotspot\share\interpreter\linkResolver.cpp, line 805]
Event: 1.106 Thread 0x0000018b8e42e100 Exception <a 'java/lang/IncompatibleClassChangeError'{0x00000007113a0290}: Found class java.lang.Object, but interface was expected> (0x00000007113a0290) 
thrown [s\open\src\hotspot\share\interpreter\linkResolver.cpp, line 872]
Event: 1.107 Thread 0x0000018b8e42e100 Exception <a 'java/lang/NoSuchMethodError'{0x00000007113afc38}: 'void java.lang.invoke.DirectMethodHandle$Holder.invokeStatic(java.lang.Object, java.lang.Object)'> (0x00000007113afc38) 
thrown [s\open\src\hotspot\share\interpreter\linkResolver.cpp, line 805]
Event: 1.163 Thread 0x0000018b8e42e100 Exception <a 'java/lang/NoSuchMethodError'{0x0000000710e28360}: 'java.lang.Object java.lang.invoke.DirectMethodHandle$Holder.invokeStaticInit(java.lang.Object, java.lang.Object, java.lang.Object)'> (0x0000000710e28360) 
thrown [s\open\src\hotspot\share\interpreter\linkResolver.cpp, line 805]
Event: 1.246 Thread 0x0000018b8e42e100 Exception <a 'java/lang/NoSuchMethodError'{0x0000000710a77a70}: 'org.slf4j.impl.StaticMarkerBinder org.slf4j.impl.StaticMarkerBinder.getSingleton()'> (0x0000000710a77a70) 
thrown [s\open\src\hotspot\share\interpreter\linkResolver.cpp, line 805]
Event: 1.258 Thread 0x0000018b8e42e100 Exception <a 'java/lang/NoSuchMethodError'{0x0000000710ae2b80}: 'void java.lang.invoke.Invokers$Holder.invokeExact_MT(java.lang.Object, java.lang.Object, java.lang.Object)'> (0x0000000710ae2b80) 
thrown [s\open\src\hotspot\share\interpreter\linkResolver.cpp, line 805]
Event: 1.259 Thread 0x0000018b8e42e100 Exception <a 'java/lang/NoSuchMethodError'{0x0000000710aefc58}: 'void java.lang.invoke.DirectMethodHandle$Holder.invokeSpecial(java.lang.Object, java.lang.Object, int)'> (0x0000000710aefc58) 
thrown [s\open\src\hotspot\share\interpreter\linkResolver.cpp, line 805]
Event: 1.259 Thread 0x0000018b8e42e100 Exception <a 'java/lang/NoSuchMethodError'{0x0000000710af7898}: 'void java.lang.invoke.Invokers$Holder.invokeExact_MT(java.lang.Object, int, java.lang.Object)'> (0x0000000710af7898) 
thrown [s\open\src\hotspot\share\interpreter\linkResolver.cpp, line 805]
Event: 1.260 Thread 0x0000018b8e42e100 Exception <a 'java/lang/NoSuchMethodError'{0x0000000710b06c60}: 'void java.lang.invoke.DirectMethodHandle$Holder.invokeSpecial(java.lang.Object, java.lang.Object, float)'> (0x0000000710b06c60) 
thrown [s\open\src\hotspot\share\interpreter\linkResolver.cpp, line 805]
Event: 1.262 Thread 0x0000018b8e42e100 Exception <a 'java/lang/NoSuchMethodError'{0x0000000710b1df60}: 'void java.lang.invoke.DirectMethodHandle$Holder.invokeSpecial(java.lang.Object, java.lang.Object, long)'> (0x0000000710b1df60) 
thrown [s\open\src\hotspot\share\interpreter\linkResolver.cpp, line 805]
Event: 1.262 Thread 0x0000018b8e42e100 Exception <a 'java/lang/NoSuchMethodError'{0x0000000710b25ba8}: 'void java.lang.invoke.Invokers$Holder.invokeExact_MT(java.lang.Object, long, java.lang.Object)'> (0x0000000710b25ba8) 
thrown [s\open\src\hotspot\share\interpreter\linkResolver.cpp, line 805]
Event: 1.422 Thread 0x0000018b8e42e100 Exception <a 'java/lang/NoSuchMethodError'{0x00000007104ac5b8}: 'java.lang.Object java.lang.invoke.DirectMethodHandle$Holder.invokeStaticInit(java.lang.Object, int, int, int, int)'> (0x00000007104ac5b8) 
thrown [s\open\src\hotspot\share\interpreter\linkResolver.cpp, line 805]
Event: 1.480 Thread 0x0000018b8e42e100 Exception <a 'java/lang/NoSuchMethodError'{0x0000000710299e38}: 'java.lang.Object java.lang.invoke.DirectMethodHandle$Holder.invokeStaticInit(java.lang.Object, java.lang.Object, int, int, int, int)'> (0x0000000710299e38) 
thrown [s\open\src\hotspot\share\interpreter\linkResolver.cpp, line 805]
Event: 12.930 Thread 0x0000018b8e42e100 Exception <a 'java/lang/NoSuchMethodError'{0x00000007103cd060}: 'java.lang.Object java.lang.invoke.DirectMethodHandle$Holder.invokeStatic(java.lang.Object, long, java.lang.Object)'> (0x00000007103cd060) 
thrown [s\open\src\hotspot\share\interpreter\linkResolver.cpp, line 805]
Event: 12.930 Thread 0x0000018b8e42e100 Exception <a 'java/lang/NoSuchMethodError'{0x00000007103d5198}: 'java.lang.Object java.lang.invoke.DirectMethodHandle$Holder.invokeStaticInit(java.lang.Object, long, java.lang.Object)'> (0x00000007103d5198) 
thrown [s\open\src\hotspot\share\interpreter\linkResolver.cpp, line 805]
Event: 12.931 Thread 0x0000018b8e42e100 Exception <a 'java/lang/NoSuchMethodError'{0x00000007103e4468}: 'java.lang.Object java.lang.invoke.DirectMethodHandle$Holder.newInvokeSpecial(java.lang.Object, long)'> (0x00000007103e4468) 
thrown [s\open\src\hotspot\share\interpreter\linkResolver.cpp, line 805]
Event: 12.933 Thread 0x0000018b8e42e100 Exception <a 'java/lang/NoSuchMethodError'{0x00000007103f6e20}: 'long java.lang.invoke.DirectMethodHandle$Holder.invokeInterface(java.lang.Object, java.lang.Object)'> (0x00000007103f6e20) 
thrown [s\open\src\hotspot\share\interpreter\linkResolver.cpp, line 805]
Event: 12.934 Thread 0x0000018b8e42e100 Exception <a 'java/lang/NoSuchMethodError'{0x0000000710000078}: 'java.lang.Object java.lang.invoke.DirectMethodHandle$Holder.invokeStatic(java.lang.Object, long)'> (0x0000000710000078) 
thrown [s\open\src\hotspot\share\interpreter\linkResolver.cpp, line 805]
Event: 12.935 Thread 0x0000018b8e42e100 Exception <a 'java/lang/NoSuchMethodError'{0x0000000710010140}: 'long java.lang.invoke.DelegatingMethodHandle$Holder.reinvoke_L(java.lang.Object, java.lang.Object)'> (0x0000000710010140) 
thrown [s\open\src\hotspot\share\interpreter\linkResolver.cpp, line 805]

VM Operations (20 events):
Event: 0.958 Executing VM operation: HandshakeAllThreads (Deoptimize)
Event: 0.958 Executing VM operation: HandshakeAllThreads (Deoptimize) done
Event: 1.081 Executing VM operation: HandshakeAllThreads (Deoptimize)
Event: 1.081 Executing VM operation: HandshakeAllThreads (Deoptimize) done
Event: 1.295 Executing VM operation: ChangeBreakpoints
Event: 1.296 Executing VM operation: ChangeBreakpoints done
Event: 1.393 Executing VM operation: HandshakeAllThreads (Deoptimize)
Event: 1.393 Executing VM operation: HandshakeAllThreads (Deoptimize) done
Event: 1.425 Executing VM operation: HandshakeAllThreads (Deoptimize)
Event: 1.425 Executing VM operation: HandshakeAllThreads (Deoptimize) done
Event: 1.725 Executing VM operation: get/set locals
Event: 1.725 Executing VM operation: get/set locals done
Event: 1.725 Executing VM operation: get/set locals
Event: 1.725 Executing VM operation: get/set locals done
Event: 1.725 Executing VM operation: get/set locals
Event: 1.725 Executing VM operation: get/set locals done
Event: 9.362 Executing VM operation: ChangeBreakpoints
Event: 9.362 Executing VM operation: ChangeBreakpoints done
Event: 12.940 Executing VM operation: HandshakeAllThreads (Deoptimize)
Event: 12.940 Executing VM operation: HandshakeAllThreads (Deoptimize) done

Memory protections (0 events):
No events

Nmethod flushes (0 events):
No events

Events (19 events):
Event: 0.040 Thread 0x0000018b8e42e100 Thread added: 0x0000018b8e42e100
Event: 0.059 Thread 0x0000018b8e42e100 Thread added: 0x0000018b8dfecdf0
Event: 0.059 Thread 0x0000018b8e42e100 Thread added: 0x0000018b8dfed730
Event: 0.059 Thread 0x0000018b8e42e100 Thread added: 0x0000018b8dfee360
Event: 0.059 Thread 0x0000018b8e42e100 Thread added: 0x0000018bae497650
Event: 0.059 Thread 0x0000018b8e42e100 Thread added: 0x0000018bae49e1b0
Event: 0.059 Thread 0x0000018b8e42e100 Thread added: 0x0000018bae49ef60
Event: 0.059 Thread 0x0000018b8e42e100 Thread added: 0x0000018bae49fdc0
Event: 0.059 Thread 0x0000018b8e42e100 Thread added: 0x0000018bae4aad60
Event: 0.148 Thread 0x0000018b8e42e100 Thread added: 0x0000018bae661190
Event: 0.148 Thread 0x0000018b8e42e100 Thread added: 0x0000018bae6618e0
Event: 0.149 Thread 0x0000018bae661190 Thread added: 0x0000018bae6621d0
Event: 0.201 Thread 0x0000018b8e42e100 Thread added: 0x0000018bae70c4b0
Event: 0.276 Thread 0x0000018b8e42e100 Thread added: 0x0000018bae7bf1b0
Event: 0.285 Thread 0x0000018b8e42e100 Thread added: 0x0000018bae8e9860
Event: 0.799 Thread 0x0000018bae4aad60 Thread added: 0x0000018bf45bffa0
Event: 1.221 Thread 0x0000018bae4aad60 Thread added: 0x0000018bf4b03800
Event: 6.501 Thread 0x0000018bf4b03800 Thread exited: 0x0000018bf4b03800
Event: 6.501 Thread 0x0000018bf45bffa0 Thread exited: 0x0000018bf45bffa0


Dynamic libraries:
0x00007ff687de0000 - 0x00007ff687dee000 	C:\Users\29684\.jdks\openjdk-24.0.1\bin\java.exe
0x00007fff80a90000 - 0x00007fff80c88000 	C:\WINDOWS\SYSTEM32\ntdll.dll
0x00007fff7faf0000 - 0x00007fff7fbb2000 	C:\WINDOWS\System32\KERNEL32.DLL
0x00007fff7e2b0000 - 0x00007fff7e5a6000 	C:\WINDOWS\System32\KERNELBASE.dll
0x00007fff7e5b0000 - 0x00007fff7e6b0000 	C:\WINDOWS\System32\ucrtbase.dll
0x00007fff79f20000 - 0x00007fff79f36000 	C:\Users\29684\.jdks\openjdk-24.0.1\bin\jli.dll
0x00007fff7a6d0000 - 0x00007fff7a6eb000 	C:\Users\29684\.jdks\openjdk-24.0.1\bin\VCRUNTIME140.dll
0x00007fff7edb0000 - 0x00007fff7ef4d000 	C:\WINDOWS\System32\USER32.dll
0x00007fff7e960000 - 0x00007fff7e982000 	C:\WINDOWS\System32\win32u.dll
0x00007fff7fcf0000 - 0x00007fff7fd1b000 	C:\WINDOWS\System32\GDI32.dll
0x00007fff7e990000 - 0x00007fff7eaaa000 	C:\WINDOWS\System32\gdi32full.dll
0x00007fff65940000 - 0x00007fff65bda000 	C:\WINDOWS\WinSxS\amd64_microsoft.windows.common-controls_6595b64144ccf1df_6.0.19041.4355_none_60b8b9eb71f62e16\COMCTL32.dll
0x00007fff7e6e0000 - 0x00007fff7e77d000 	C:\WINDOWS\System32\msvcp_win.dll
0x00007fff7eab0000 - 0x00007fff7eb4e000 	C:\WINDOWS\System32\msvcrt.dll
0x00007fff805a0000 - 0x00007fff805cf000 	C:\WINDOWS\System32\IMM32.DLL
0x00007fff7b6b0000 - 0x00007fff7b6bc000 	C:\Users\29684\.jdks\openjdk-24.0.1\bin\vcruntime140_1.dll
0x00007fff6e190000 - 0x00007fff6e21e000 	C:\Users\29684\.jdks\openjdk-24.0.1\bin\msvcp140.dll
0x00007fff3a2a0000 - 0x00007fff3b042000 	C:\Users\29684\.jdks\openjdk-24.0.1\bin\server\jvm.dll
0x00007fff7fbc0000 - 0x00007fff7fc6f000 	C:\WINDOWS\System32\ADVAPI32.dll
0x00007fff80320000 - 0x00007fff803bf000 	C:\WINDOWS\System32\sechost.dll
0x00007fff7fd20000 - 0x00007fff7fe43000 	C:\WINDOWS\System32\RPCRT4.dll
0x00007fff7e6b0000 - 0x00007fff7e6d7000 	C:\WINDOWS\System32\bcrypt.dll
0x00007fff7fe60000 - 0x00007fff7fecb000 	C:\WINDOWS\System32\WS2_32.dll
0x00007fff71400000 - 0x00007fff71427000 	C:\WINDOWS\SYSTEM32\WINMM.dll
0x00007fff7d6b0000 - 0x00007fff7d6fb000 	C:\WINDOWS\SYSTEM32\POWRPROF.dll
0x00007fff74f30000 - 0x00007fff74f3a000 	C:\WINDOWS\SYSTEM32\VERSION.dll
0x00007fff7d520000 - 0x00007fff7d532000 	C:\WINDOWS\SYSTEM32\UMPDC.dll
0x00007fff7bfa0000 - 0x00007fff7bfb2000 	C:\WINDOWS\SYSTEM32\kernel.appcore.dll
0x00007fff7a700000 - 0x00007fff7a70a000 	C:\Users\29684\.jdks\openjdk-24.0.1\bin\jimage.dll
0x00007fff71150000 - 0x00007fff71334000 	C:\WINDOWS\SYSTEM32\DBGHELP.DLL
0x00007fff55ab0000 - 0x00007fff55ae4000 	C:\WINDOWS\SYSTEM32\dbgcore.DLL
0x00007fff7e1d0000 - 0x00007fff7e252000 	C:\WINDOWS\System32\bcryptPrimitives.dll
0x00007fff79ac0000 - 0x00007fff79afc000 	C:\Users\29684\.jdks\openjdk-24.0.1\bin\jdwp.dll
0x00007fff79f10000 - 0x00007fff79f1f000 	C:\Users\29684\.jdks\openjdk-24.0.1\bin\instrument.dll
0x00007fff792d0000 - 0x00007fff792ee000 	C:\Users\29684\.jdks\openjdk-24.0.1\bin\java.dll
0x00007fff801e0000 - 0x00007fff8030b000 	C:\WINDOWS\System32\ole32.dll
0x00007fff7f020000 - 0x00007fff7f375000 	C:\WINDOWS\System32\combase.dll
0x00007fff7f380000 - 0x00007fff7faef000 	C:\WINDOWS\System32\SHELL32.dll
0x00007fff43f10000 - 0x00007fff44108000 	C:\Users\29684\AppData\Local\Temp\idea_libasyncProfiler_dll_temp_folder7\libasyncProfiler.dll
0x00007fff50650000 - 0x00007fff50667000 	C:\Users\29684\.jdks\openjdk-24.0.1\bin\zip.dll
0x00007fff7c1a0000 - 0x00007fff7c943000 	C:\WINDOWS\SYSTEM32\windows.storage.dll
0x00007fff7db50000 - 0x00007fff7db7b000 	C:\WINDOWS\SYSTEM32\Wldp.dll
0x00007fff7ef50000 - 0x00007fff7f01d000 	C:\WINDOWS\System32\OLEAUT32.dll
0x00007fff7ed00000 - 0x00007fff7edad000 	C:\WINDOWS\System32\SHCORE.dll
0x00007fff80120000 - 0x00007fff80175000 	C:\WINDOWS\System32\shlwapi.dll
0x00007fff7e050000 - 0x00007fff7e075000 	C:\WINDOWS\SYSTEM32\profapi.dll
0x00007fff44df0000 - 0x00007fff44ec7000 	C:\Users\29684\.jdks\openjdk-24.0.1\bin\jsvml.dll
0x00007fff77fb0000 - 0x00007fff77fbc000 	C:\Users\29684\.jdks\openjdk-24.0.1\bin\dt_socket.dll
0x00007fff7d540000 - 0x00007fff7d57b000 	C:\WINDOWS\SYSTEM32\IPHLPAPI.DLL
0x00007fff7d8b0000 - 0x00007fff7d91c000 	C:\WINDOWS\system32\mswsock.dll
0x00007fff792c0000 - 0x00007fff792d0000 	C:\Users\29684\.jdks\openjdk-24.0.1\bin\net.dll
0x00007fff4fdc0000 - 0x00007fff4fdd6000 	C:\Users\29684\.jdks\openjdk-24.0.1\bin\nio.dll
0x00007fff76090000 - 0x00007fff760a0000 	C:\Users\29684\.jdks\openjdk-24.0.1\bin\verify.dll
0x00007fff76070000 - 0x00007fff7607a000 	C:\Users\29684\.jdks\openjdk-24.0.1\bin\management.dll
0x00007fff6e180000 - 0x00007fff6e18b000 	C:\Users\29684\.jdks\openjdk-24.0.1\bin\management_ext.dll
0x00007fff80530000 - 0x00007fff80538000 	C:\WINDOWS\System32\PSAPI.DLL
0x00007fff52ed0000 - 0x00007fff52ee7000 	C:\WINDOWS\system32\napinsp.dll
0x00007fff52eb0000 - 0x00007fff52ecb000 	C:\WINDOWS\system32\pnrpnsp.dll
0x00007fff7a9f0000 - 0x00007fff7aa05000 	C:\WINDOWS\system32\wshbth.dll
0x00007fff76a60000 - 0x00007fff76a7d000 	C:\WINDOWS\system32\NLAapi.dll
0x00007fff7d590000 - 0x00007fff7d65a000 	C:\WINDOWS\SYSTEM32\DNSAPI.dll
0x00007fff80310000 - 0x00007fff80318000 	C:\WINDOWS\System32\NSI.dll
0x00007fff52e90000 - 0x00007fff52ea2000 	C:\WINDOWS\System32\winrnr.dll
0x00007fff76ce0000 - 0x00007fff76cea000 	C:\Windows\System32\rasadhlp.dll
0x00007fff70c10000 - 0x00007fff70c90000 	C:\WINDOWS\System32\fwpuclnt.dll
0x00007fff65be0000 - 0x00007fff65bee000 	C:\Users\29684\.jdks\openjdk-24.0.1\bin\sunmscapi.dll
0x00007fff7e800000 - 0x00007fff7e95d000 	C:\WINDOWS\System32\CRYPT32.dll
0x00007fff7dbc0000 - 0x00007fff7dbe7000 	C:\WINDOWS\SYSTEM32\ncrypt.dll
0x00007fff7db80000 - 0x00007fff7dbbb000 	C:\WINDOWS\SYSTEM32\NTASN1.dll
0x00007fff5c630000 - 0x00007fff5c637000 	C:\WINDOWS\system32\wshunix.dll
0x00007fff7daa0000 - 0x00007fff7dab8000 	C:\WINDOWS\SYSTEM32\CRYPTSP.dll
0x00007fff7d160000 - 0x00007fff7d198000 	C:\WINDOWS\system32\rsaenh.dll
0x00007fff7dfd0000 - 0x00007fff7dffe000 	C:\WINDOWS\SYSTEM32\USERENV.dll
0x00007fff7dac0000 - 0x00007fff7dacc000 	C:\WINDOWS\SYSTEM32\CRYPTBASE.dll
0x00007fff654a0000 - 0x00007fff654a9000 	C:\Users\29684\.jdks\openjdk-24.0.1\bin\extnet.dll

JVMTI agents:
jdwp path:C:\Users\29684\.jdks\openjdk-24.0.1\bin\jdwp.dll, loaded, initialized, options:transport=dt_socket,address=127.0.0.1:50724,suspend=y,server=n
C:\Users\29684\AppData\Local\JetBrains\IntelliJIdea2025.1\captureAgent\debugger-agent.jar path:C:\Users\29684\.jdks\openjdk-24.0.1\bin\instrument.dll, loaded, initialized, instrumentlib options:file:///C:/Users/29684/AppData/Local/Temp/capture7727869846648422290.props
C:\Users\29684\AppData\Local\Temp\idea_libasyncProfiler_dll_temp_folder7\libasyncProfiler.dll path:C:\Users\29684\AppData\Local\Temp\idea_libasyncProfiler_dll_temp_folder7\libasyncProfiler.dll, loaded, initialized, options:version,jfr,event=wall,interval=10ms,cstack=no,file=C:\Users\29684\IdeaSnapshots\Main_2025_05_21_132400.jfr,dbghelppath=C:\Users\29684\AppData\Local\Temp\idea_dbghelp_dll_temp_folder\dbghelp.dll,log=C:\Users\29684\AppData\Local\Temp\Main_2025_05_21_132400.jfr.log.txt,logLevel=DEBUG

dbghelp: loaded successfully - version: 4.0.5 - missing functions: none
symbol engine: initialized successfully - sym options: 0x614 - pdb path: .;C:\Users\29684\.jdks\openjdk-24.0.1\bin;C:\WINDOWS\SYSTEM32;C:\WINDOWS\WinSxS\amd64_microsoft.windows.common-controls_6595b64144ccf1df_6.0.19041.4355_none_60b8b9eb71f62e16;C:\Users\29684\.jdks\openjdk-24.0.1\bin\server;C:\Users\29684\AppData\Local\Temp\idea_libasyncProfiler_dll_temp_folder7

VM Arguments:
jvm_args: -agentlib:jdwp=transport=dt_socket,address=127.0.0.1:50724,suspend=y,server=n -javaagent:C:\Users\29684\AppData\Local\JetBrains\IntelliJIdea2025.1\captureAgent\debugger-agent.jar=file:///C:/Users/29684/AppData/Local/Temp/capture7727869846648422290.props --enable-preview -agentpath:C:\Users\29684\AppData\Local\Temp\idea_libasyncProfiler_dll_temp_folder7\libasyncProfiler.dll=version,jfr,event=wall,interval=10ms,cstack=no,file=C:\Users\29684\IdeaSnapshots\Main_2025_05_21_132400.jfr,dbghelppath=C:\Users\29684\AppData\Local\Temp\idea_dbghelp_dll_temp_folder\dbghelp.dll,log=C:\Users\29684\AppData\Local\Temp\Main_2025_05_21_132400.jfr.log.txt,logLevel=DEBUG -Dkotlinx.coroutines.debug.enable.creation.stack.trace=false -Ddebugger.agent.enable.coroutines=true -Dkotlinx.coroutines.debug.enable.flows.stack.trace=true -Dkotlinx.coroutines.debug.enable.mutable.state.flows.stack.trace=true -Dfile.encoding=UTF-8 -Dsun.stdout.encoding=UTF-8 -Dsun.stderr.encoding=UTF-8 
java_command: cainsgl.Main
java_class_path (initial): D:\Code\mut-db\target\classes;C:\Users\29684\.m2\repository\io\netty\netty-codec-mqtt\4.1.117.Final\netty-codec-mqtt-4.1.117.Final.jar;C:\Users\29684\.m2\repository\io\netty\netty-common\4.1.117.Final\netty-common-4.1.117.Final.jar;C:\Users\29684\.m2\repository\io\netty\netty-buffer\4.1.117.Final\netty-buffer-4.1.117.Final.jar;C:\Users\29684\.m2\repository\io\netty\netty-transport\4.1.117.Final\netty-transport-4.1.117.Final.jar;C:\Users\29684\.m2\repository\io\netty\netty-resolver\4.1.117.Final\netty-resolver-4.1.117.Final.jar;C:\Users\29684\.m2\repository\io\netty\netty-codec\4.1.117.Final\netty-codec-4.1.117.Final.jar;C:\Users\29684\.m2\repository\org\slf4j\slf4j-api\1.7.25\slf4j-api-1.7.25.jar;C:\Users\29684\.m2\repository\org\apache\logging\log4j\log4j-core\2.9.1\log4j-core-2.9.1.jar;C:\Users\29684\.m2\repository\org\apache\logging\log4j\log4j-api\2.9.1\log4j-api-2.9.1.jar;C:\Users\29684\.m2\repository\org\apache\logging\log4j\log4j-slf4j-impl\2.9.1\log4j-slf4j-impl-2.9.1.jar;C:\Users\29684\.m2\repository\org\graalvm\js\js-scriptengine\24.2.1\js-scriptengine-24.2.1.jar;C:\Users\29684\.m2\repository\org\graalvm\polyglot\polyglot\24.2.1\polyglot-24.2.1.jar;C:\Users\29684\.m2\repository\org\graalvm\sdk\collections\24.2.1\collections-24.2.1.jar;C:\Users\29684\.m2\repository\org\graalvm\sdk\nativeimage\24.2.1\nativeimage-24.2.1.jar;C:\Users\29684\.m2\repository\org\graalvm\sdk\word\24.2.1\word-24.2.1.jar;C:\Users\29684\.m2\repository\org\graalvm\js\js-language\24.2.1\js-language-24.2.1.jar;C:\Users\29684\.m2\repository\org\graalvm\regex\regex\24.2.1\regex-24.2.1.jar;C:\Users\29684\.m2\repository\org\graalvm\truffle\truffle-api\24.2.1\truffle-api-24.2.1.jar;C:\Users\29684\.m2\repository\org\graalvm\shadowed\icu4j\24.2.1\icu4j-24.2.1.jar;C:\Users\29684\.m2\repository\org\graalvm\shadowed\xz\24.2.1\xz-24.2.1.jar;D:\JavaTools\IDEA\IntelliJ IDEA 2025.1.1.1\lib\idea_rt.jar
Launcher Type: SUN_STANDARD

[Global flags]
     intx CICompilerCount                          = 4                                         {product} {ergonomic}
     uint ConcGCThreads                            = 2                                         {product} {ergonomic}
     uint G1ConcRefinementThreads                  = 8                                         {product} {ergonomic}
   size_t G1HeapRegionSize                         = 2097152                                   {product} {ergonomic}
   size_t InitialHeapSize                          = 266338304                                 {product} {ergonomic}
   size_t MarkStackSize                            = 4194304                                   {product} {ergonomic}
   size_t MarkStackSizeMax                         = 536870912                                 {product} {ergonomic}
   size_t MaxHeapSize                              = 4242538496                                {product} {ergonomic}
   size_t MaxNewSize                               = 2543845376                                {product} {ergonomic}
   size_t MinHeapDeltaBytes                        = 2097152                                   {product} {ergonomic}
   size_t MinHeapSize                              = 8388608                                   {product} {ergonomic}
    uintx NonNMethodCodeHeapSize                   = 5832704                                {pd product} {ergonomic}
    uintx NonProfiledCodeHeapSize                  = 122945536                              {pd product} {ergonomic}
    uintx ProfiledCodeHeapSize                     = 122880000                              {pd product} {ergonomic}
    uintx ReservedCodeCacheSize                    = 251658240                              {pd product} {ergonomic}
     bool SegmentedCodeCache                       = true                                      {product} {ergonomic}
   size_t SoftMaxHeapSize                          = 4242538496                             {manageable} {ergonomic}
     bool UseCompressedOops                        = true                           {product lp64_product} {ergonomic}
     bool UseG1GC                                  = true                                      {product} {ergonomic}
     bool UseLargePagesIndividualAllocation        = false                                  {pd product} {ergonomic}

Logging:
Log output configuration:
 #0: stdout all=warning uptime,level,tags foldmultilines=false
 #1: stderr all=off uptime,level,tags foldmultilines=false

Environment Variables:
JAVA_HOME=D:\jdk\Amazon JDK 23.0.2
PATH=C:\Program Files\Common Files\Oracle\Java\javapath;D:\APP\bin\;C:\WINDOWS\system32;C:\WINDOWS;C:\WINDOWS\System32\Wbem;C:\WINDOWS\System32\WindowsPowerShell\v1.0\;C:\WINDOWS\System32\OpenSSH\;C:\Program Files\dotnet\;C:\Program Files (x86)\NVIDIA Corporation\PhysX\Common;C:\Program Files\NVIDIA Corporation\NVIDIA NvDLISR;C:\Program Files\Microsoft SQL Server\150\Tools\Binn\;C:\Program Files\Microsoft SQL Server\Client SDK\ODBC\170\Tools\Binn\;C:\Program Files (x86)\Windows Kits\10\Windows Performance Toolkit\;C:\Program Files\MySQL\MySQL Server 8.0\bin\;D:\APP\Maven\apache-maven-3.9.8\bin;D:\jdk\Amazon JDK 23.0.2\bin;D:\JavaTools\;D:\JavaTools\XShell\;D:\JavaTools\XFtp\;D:\APP\微信web开发者工具\dll;D:\JavaTools\Git\cmd;D:\NodeJS\node-v20.19.1-win-x64;D:\NodeJS\node-v20.19.1-win-x64\node_cache;D:\NodeJS\node-v20.19.1-win-x64\node_global;C:\Users\29684\AppData\Local\Programs\Python\Python313\Scripts\;C:\Users\29684\AppData\Local\Programs\Python\Python313\;C:\Program Files\MySQL\MySQL Shell 8.0\bin\;C:\Users\29684\AppData\Local\Microsoft\WindowsApps;C:\Users\29684\.dotnet\tools;D:\VsCode\Microsoft VS Code\bin;D:\PythonIDE\PyCharm 2024.3\bin;;D:\JavaTools\IDEA\IntelliJ IDEA 2025.1.1.1\bin;
USERNAME=PatricStar
OS=Windows_NT
PROCESSOR_IDENTIFIER=Intel64 Family 6 Model 154 Stepping 3, GenuineIntel
TMP=C:\Users\29684\AppData\Local\Temp
TEMP=C:\Users\29684\AppData\Local\Temp




Periodic native trim disabled

---------------  S Y S T E M  ---------------

OS:
 Windows 10 , 64 bit Build 19041 (10.0.19041.5678)
OS uptime: 9 days 0:36 hours

CPU: total 8 (initial active 8) (10 cores per cpu, 2 threads per core) family 6 model 154 stepping 3 microcode 0x424, cx8, cmov, fxsr, ht, mmx, 3dnowpref, sse, sse2, sse3, ssse3, sse4.1, sse4.2, popcnt, lzcnt, tsc, tscinvbit, avx, avx2, aes, erms, clmul, bmi1, bmi2, adx, sha, fma, vzeroupper, clflush, clflushopt, clwb, serialize, rdtscp, rdpid, fsrm, gfni, f16c, pku, cet_ibt, cet_ss
Processor Information for the first 8 processors :
  Max Mhz: 2500, Current Mhz: 2500, Mhz Limit: 2500

Memory: 4k page, system-wide physical 16176M (4494M free)
TotalPageFile size 28464M (AvailPageFile size 10587M)
current process WorkingSet (physical memory assigned to process): 147M, peak: 147M
current process commit charge ("private bytes"): 400M, peak: 400M

vm_info: OpenJDK 64-Bit Server VM (24.0.1+9-30) for windows-amd64 JRE (24.0.1+9-30), built on 2025-03-05T07:23:45Z with MS VC++ 17.6 (VS2022)

END.
