#
# A fatal error has been detected by the Java Runtime Environment:
#
#  EXCEPTION_ACCESS_VIOLATION (0xc0000005) at pc=0x00007fff43fa26c4, pid=14280, tid=1632
#
# JRE version: OpenJDK Runtime Environment (24.0.1+9) (build 24.0.1+9-30)
# Java VM: OpenJDK 64-Bit Server VM (24.0.1+9-30, mixed mode, sharing, tiered, compressed oops, compressed class ptrs, g1 gc, windows-amd64)
# Problematic frame:
# C  [libasyncProfiler.dll+0x926c4]
#
# No core dump will be written. Minidumps are not enabled by default on client versions of Windows
#
# If you would like to submit a bug report, please visit:
#   https://bugreport.java.com/bugreport/crash.jsp
# The crash happened outside the Java Virtual Machine in native code.
# See problematic frame for where to report the bug.
#

---------------  S U M M A R Y ------------

Command Line: -agentlib:jdwp=transport=dt_socket,address=127.0.0.1:64065,suspend=y,server=n -javaagent:C:\Users\29684\AppData\Local\JetBrains\IntelliJIdea2025.1\captureAgent\debugger-agent.jar=file:///C:/Users/29684/AppData/Local/Temp/capture13373103004767676711.props --enable-preview -agentpath:C:\Users\29684\AppData\Local\Temp\idea_libasyncProfiler_dll_temp_folder7\libasyncProfiler.dll=version,jfr,event=wall,interval=10ms,cstack=no,file=C:\Users\29684\IdeaSnapshots\Main_2025_05_21_130214.jfr,dbghelppath=C:\Users\29684\AppData\Local\Temp\idea_dbghelp_dll_temp_folder\dbghelp.dll,log=C:\Users\29684\AppData\Local\Temp\Main_2025_05_21_130214.jfr.log.txt,logLevel=DEBUG -Dkotlinx.coroutines.debug.enable.creation.stack.trace=false -Ddebugger.agent.enable.coroutines=true -Dkotlinx.coroutines.debug.enable.flows.stack.trace=true -Dkotlinx.coroutines.debug.enable.mutable.state.flows.stack.trace=true -Dfile.encoding=UTF-8 -Dsun.stdout.encoding=UTF-8 -Dsun.stderr.encoding=UTF-8 cainsgl.Main

Host: 12th Gen Intel(R) Core(TM) i9-12900H, 8 cores, 15G,  Windows 10 , 64 bit Build 19041 (10.0.19041.5678)
Time: Wed May 21 13:02:59 2025  Windows 10 , 64 bit Build 19041 (10.0.19041.5678) elapsed time: 44.454734 seconds (0d 0h 0m 44s)

---------------  T H R E A D  ---------------

Current thread (0x000002484e529d90):  JavaThread "Attach Listener" daemon [_thread_in_native, id=1632, stack(0x000000c576700000,0x000000c576800000) (1024K)]

Stack: [0x000000c576700000,0x000000c576800000],  sp=0x000000c5767fef90,  free space=1019k
Native frames: (J=compiled Java code, j=interpreted, Vv=VM code, C=native code)
C  [libasyncProfiler.dll+0x926c4]  (no source info available)
C  [libasyncProfiler.dll+0x92b9b]  (no source info available)
C  [libasyncProfiler.dll+0x917f4]  (no source info available)
C  [libasyncProfiler.dll+0x9206a]  (no source info available)
C  [libasyncProfiler.dll+0x8cc21]  (no source info available)
C  [libasyncProfiler.dll+0x7e5e1]  (no source info available)
C  [libasyncProfiler.dll+0x7d2f8]  (no source info available)
C  [libasyncProfiler.dll+0x7d1e0]  (no source info available)
C  [libasyncProfiler.dll+0x841b9]  (no source info available)
V  [jvm.dll+0x57eff7]  (no source info available)
V  [jvm.dll+0x57fdac]  (no source info available)
V  [jvm.dll+0x14ca17]  (no source info available)
V  [jvm.dll+0x14dfe1]  (no source info available)
V  [jvm.dll+0x42f456]  (no source info available)
V  [jvm.dll+0x87d76b]  (no source info available)
V  [jvm.dll+0x72ee55]  (no source info available)
C  [ucrtbase.dll+0x21bb2]  (no source info available)
C  [KERNEL32.DLL+0x17374]  (no source info available)
C  [ntdll.dll+0x4cc91]  (no source info available)


siginfo: EXCEPTION_ACCESS_VIOLATION (0xc0000005), reading address 0xffffffffffffffff


Registers:
RAX=0x0000000000000010, RBX=0x0000000000000000, RCX=0xffffffffffffffff, RDX=0x007fff3acf300010
RSP=0x000000c5767fef90, RBP=0x000002484e525548, RSI=0x000000c5767ff100, RDI=0x000002484e525548
R8 =0x0000000000000042, R9 =0x000000070fe2b210, R10=0x00007fff3af69fb0, R11=0x0000000000000010
R12=0x000000c5767ff100, R13=0x000002482c0f2680, R14=0x000002484e52a158, R15=0x000002484e52a158
RIP=0x00007fff43fa26c4, EFLAGS=0x0000000000010202

XMM[0]=0x0000000000000000 0x0000000000000000
XMM[1]=0x0000000000000000 0x0000000000000000
XMM[2]=0x0000000000000000 0x0000000000000000
XMM[3]=0x0000000000000000 0x0000000000000000
XMM[4]=0x0000000000000000 0x0000000000000000
XMM[5]=0x0000000000000000 0x0000000000000000
XMM[6]=0x0000000000000000 0x0000000000000000
XMM[7]=0x0000000000000000 0x0000000000000000
XMM[8]=0x0000000000000000 0x0000000000000000
XMM[9]=0x0000000000000000 0x0000000000000000
XMM[10]=0x0000000000000000 0x0000000000000000
XMM[11]=0x0000000000000000 0x0000000000000000
XMM[12]=0x0000000000000000 0x0000000000000000
XMM[13]=0x0000000000000000 0x0000000000000000
XMM[14]=0x0000000000000000 0x0000000000000000
XMM[15]=0x0000000000000000 0x0000000000000000
  MXCSR=0x00001fa0


Register to memory mapping:

RAX=0x0000000000000010 is an unknown value
RBX=0x0 is null
RCX=0xffffffffffffffff is an unknown value
RDX=0x007fff3acf300010 is an unknown value
RSP=0x000000c5767fef90 is pointing into the stack for thread: 0x000002484e529d90
RBP=0x000002484e525548 points into unknown readable memory: 0x000000070fe2b210 | 10 b2 e2 0f 07 00 00 00
RSI=0x000000c5767ff100 is pointing into the stack for thread: 0x000002484e529d90
RDI=0x000002484e525548 points into unknown readable memory: 0x000000070fe2b210 | 10 b2 e2 0f 07 00 00 00
R8 =0x0000000000000042 is an unknown value
R9 =0x000000070fe2b210 is an oop: java.lang.Thread 
{0x000000070fe2b210} - klass: 'java/lang/Thread' - flags: 

 - ---- fields (total size 14 words):
 - 'threadLocalRandomProbe' 'I' @12  -1640531527 (0x9e3779b9)
 - private volatile 'eetop' 'J' @16  2509183233952 (0x0000024836f9afa0)
 - private final 'tid' 'J' @24  3 (0x0000000000000003)
 - 'threadLocalRandomSeed' 'J' @32  5318729789774885716 (0x49cfec905fd1f354)
 - injected 'jvmti_thread_state' 'J' @40  2509000019072 (0x000002482c0e0c80)
 - 'threadLocalRandomSecondarySeed' 'I' @48  626699013 (0x255aab05)
 - injected 'jvmti_VTMS_transition_disable_count' 'I' @52  0 (0x00000000)
 - injected 'jfr_epoch' 'S' @56  0 (0x0000)
 - volatile 'interrupted' 'Z' @58  false (0x00)
 - injected 'jvmti_is_in_VTMS_transition' 'Z' @59  false (0x00)
 - private volatile 'name' 'Ljava/lang/String;' @60  "main"{0x000000070fe2baa8} (0xe1fc5755)
 - private volatile 'contextClassLoader' 'Ljava/lang/ClassLoader;' @64  a 'jdk/internal/loader/ClassLoaders$AppClassLoader'{0x000000070fe00030} (0xe1fc0006)
 - private final 'holder' 'Ljava/lang/Thread$FieldHolder;' @68  a 'java/lang/Thread$FieldHolder'{0x000000070fe2bad8} (0xe1fc575b)
 - 'threadLocals' 'Ljava/lang/ThreadLocal$ThreadLocalMap;' @72  a 'java/lang/ThreadLocal$ThreadLocalMap'{0x000000070fe2bb00} (0xe1fc5760)
 - 'inheritableThreadLocals' 'Ljava/lang/ThreadLocal$ThreadLocalMap;' @76  null (0x00000000)
 - private 'scopedValueBindings' 'Ljava/lang/Object;' @80  a 'java/lang/Class'{0x00000007ffe7c258} = 'java/lang/Thread' (0xfffcf84b)
 - final 'interruptLock' 'Ljava/lang/Object;' @84  a 'java/lang/Object'{0x000000070fa1e2f8} (0xe1f43c5f)
 - private volatile 'parkBlocker' 'Ljava/lang/Object;' @88  null (0x00000000)
 - private 'nioBlocker' 'Lsun/nio/ch/Interruptible;' @92  null (0x00000000)
 - private 'cont' 'Ljdk/internal/vm/Continuation;' @96  null (0x00000000)
 - private volatile 'uncaughtExceptionHandler' 'Ljava/lang/Thread$UncaughtExceptionHandler;' @100  null (0x00000000)
 - private 'container' 'Ljdk/internal/vm/ThreadContainer;' @104  null (0x00000000)
 - private volatile 'headStackableScopes' 'Ljdk/internal/vm/StackableScope;' @108  null (0x00000000)
R10=0x00007fff3af69fb0 jvm.dll
R11=0x0000000000000010 is an unknown value
R12=0x000000c5767ff100 is pointing into the stack for thread: 0x000002484e529d90
R13=0x000002482c0f2680 points into unknown readable memory: 0x00007fff3aeda510 | 10 a5 ed 3a ff 7f 00 00
R14=0x000002484e52a158 points into unknown readable memory: 0x00007fff3aed17b0 | b0 17 ed 3a ff 7f 00 00
R15=0x000002484e52a158 points into unknown readable memory: 0x00007fff3aed17b0 | b0 17 ed 3a ff 7f 00 00

Top of Stack: (sp=0x000000c5767fef90)
0x000000c5767fef90:   000000c5767ff100 000002484e525548   ...v....HURNH...
0x000000c5767fefa0:   0000000000000000 00000248370e6090   .........`.7H...
0x000000c5767fefb0:   0000000000000024 00007fff43fa2b9b   $........+.C....
0x000000c5767fefc0:   0000000000000000 000002484e52a158   ........X.RNH...
0x000000c5767fefd0:   000000c5767ff101 0000000000000000   ...v............
0x000000c5767fefe0:   000002489572c3a0 00007fff43fa17f4   ..r.H......C....
0x000000c5767feff0:   0000000000000000 0000000000000024   ........$.......
0x000000c5767ff000:   0000000000000000 0000000000000024   ........$.......
0x000000c5767ff010:   0000000c00000000 0000024895803490   .........4..H...
0x000000c5767ff020:   000002489572c3a0 000002489572c430   ..r.H...0.r.H...
0x000000c5767ff030:   000002489572c448 000000c500004b48   H.r.H...HK......
0x000000c5767ff040:   0000000000000000 0000000000000000   ................
0x000000c5767ff050:   0000000000000000 00007fff3a7357d4   .........Ws:....
0x000000c5767ff060:   00007fff440e4ca0 00000000000037c8   .L.D.....7......
0x000000c5767ff070:   00007fff440e4ca0 00000000ffffffff   .L.D............
0x000000c5767ff080:   0000000000000000 00007fff43fa206a   ........j .C....
0x000000c5767ff090:   000002484e52a158 0000000000000000   X.RNH...........
0x000000c5767ff0a0:   000000c5767ff109 000002482c0f2680   ...v.....&.,H...
0x000000c5767ff0b0:   000002489539c430 00007fff00000016   0.9.H...........
0x000000c5767ff0c0:   000002482c2a0000 00000248957b7a90   ..*,H....z{.H...
0x000000c5767ff0d0:   000002484e52a158 00007fff440e4ca0   X.RNH....L.D....
0x000000c5767ff0e0:   0000000000100000 0000000000001000   ................
0x000000c5767ff0f0:   000000c5767ff298 000002484e52a158   ...v....X.RNH...
0x000000c5767ff100:   000002489503c8c0 000002489503cd40   ....H...@...H...
0x000000c5767ff110:   000002489503cd40 00007fff440e4ca0   @...H....L.D....
0x000000c5767ff120:   000000c5767ff298 000002482c0d0000   ...v.......,H...
0x000000c5767ff130:   000000c5767ff3d0 0000000000008840   ...v....@.......
0x000000c5767ff140:   000000c5767ff5b0 00007fff440e4cf0   ...v.....L.D....
0x000000c5767ff150:   0000000000989680 0000000000989680   ................
0x000000c5767ff160:   000000c5767ff270 00007fff43f9cc21   p..v....!..C....
0x000000c5767ff170:   00007fff440e4ca0 00007fff440e4cf8   .L.D.....L.D....
0x000000c5767ff180:   00007fff00000000 00007fff00000001   ................

Instructions: (pc=0x00007fff43fa26c4)
  0x00007fff43fa25c4:   cc cc cc cc cc cc cc cc cc cc cc cc cc cc cc cc
  0x00007fff43fa25d4:   cc cc cc cc cc cc cc cc cc cc cc cc cc cc cc cc
  0x00007fff43fa25e4:   cc cc cc cc cc cc cc cc cc cc cc cc cc cc cc cc
  0x00007fff43fa25f4:   cc cc cc cc cc cc cc cc cc cc cc cc cc cc cc cc
  0x00007fff43fa2604:   cc cc cc cc cc cc cc cc cc cc cc cc cc cc cc cc
  0x00007fff43fa2614:   cc cc cc cc cc cc cc cc cc cc cc cc cc cc cc cc
  0x00007fff43fa2624:   cc cc cc cc cc cc cc cc cc cc cc cc cc cc cc cc
  0x00007fff43fa2634:   cc cc cc cc cc cc cc cc cc cc cc cc cc cc cc cc
  0x00007fff43fa2644:   cc cc cc cc cc cc cc cc cc cc cc cc 40 57 48 83
  0x00007fff43fa2654:   ec 20 48 8b f9 48 8b 0d 10 28 14 00 48 85 c9 74
  0x00007fff43fa2664:   20 48 8b 01 48 8d 54 24 38 41 b8 06 00 01 00 4c
  0x00007fff43fa2674:   8b 48 30 41 ff d1 85 c0 75 07 48 8b 4c 24 38 eb
  0x00007fff43fa2684:   02 33 c9 4c 8b 05 ea 28 14 00 48 89 5c 24 30 4d
  0x00007fff43fa2694:   85 c0 74 4a 48 8b 01 48 8b d7 4c 8b 88 28 03 00
  0x00007fff43fa26a4:   00 41 ff d1 48 85 c0 74 35 48 63 0d f8 e6 13 00
  0x00007fff43fa26b4:   48 8b 14 01 48 85 d2 74 15 48 63 05 fc e6 13 00
=>0x00007fff43fa26c4:   8b 04 10 48 8b 5c 24 30 48 83 c4 20 5f c3 b8 ff
  0x00007fff43fa26d4:   ff ff ff 48 8b 5c 24 30 48 83 c4 20 5f c3 80 3d
  0x00007fff43fa26e4:   9b 27 14 00 00 bb ff ff ff ff 74 20 4c 8b 0d 31
  0x00007fff43fa26f4:   24 14 00 4c 8d 44 24 38 48 8b 0d 15 24 14 00 48
  0x00007fff43fa2704:   8b d7 41 ff d1 85 c0 0f 44 5c 24 38 8b c3 48 8b
  0x00007fff43fa2714:   5c 24 30 48 83 c4 20 5f c3 cc cc cc cc cc cc cc
  0x00007fff43fa2724:   cc cc cc cc cc cc cc cc cc cc cc cc cc cc cc cc
  0x00007fff43fa2734:   cc cc cc cc cc cc cc cc cc cc cc cc cc cc cc cc
  0x00007fff43fa2744:   cc cc cc cc cc cc cc cc cc cc cc cc 48 89 54 24
  0x00007fff43fa2754:   10 53 55 56 57 41 56 41 57 48 83 ec 28 48 8b f2
  0x00007fff43fa2764:   4c 8b f1 48 89 4c 24 78 45 33 ff 44 89 7c 24 68
  0x00007fff43fa2774:   c7 44 24 60 01 00 00 00 48 8d 4c 24 68 e8 ed 42
  0x00007fff43fa2784:   f7 ff 8b d8 48 8d 4c 24 60 e8 e1 42 f7 ff 8b e8
  0x00007fff43fa2794:   49 8b ce e8 00 fc f6 ff 48 8b f8 90 8b c3 f0 0f
  0x00007fff43fa27a4:   b1 2f 74 04 f3 90 eb f4 4c 89 3e 4c 89 7e 08 4c
  0x00007fff43fa27b4:   89 7e 10 49 8b 6e 08 4d 8b 76 10 49 3b ee 0f 84


Stack slot to memory mapping:

stack at sp + 0 slots: 0x000000c5767ff100 is pointing into the stack for thread: 0x000002484e529d90
stack at sp + 1 slots: 0x000002484e525548 points into unknown readable memory: 0x000000070fe2b210 | 10 b2 e2 0f 07 00 00 00
stack at sp + 2 slots: 0x0 is null
stack at sp + 3 slots: 0x00000248370e6090 points into unknown readable memory: 0x6e616c2e6176616a | 6a 61 76 61 2e 6c 61 6e
stack at sp + 4 slots: 0x0000000000000024 is an unknown value
stack at sp + 5 slots: 0x00007fff43fa2b9b libasyncProfiler.dll
stack at sp + 6 slots: 0x0 is null
stack at sp + 7 slots: 0x000002484e52a158 points into unknown readable memory: 0x00007fff3aed17b0 | b0 17 ed 3a ff 7f 00 00

Lock stack of current Java thread (top to bottom):


---------------  P R O C E S S  ---------------

Threads class SMR info:
_java_thread_list=0x000002489543f220, length=16, elements={
0x0000024836f9afa0, 0x000002483712cba0, 0x000002483712d640, 0x000002484e5293d0,
0x000002484e529d90, 0x000002484e52a4d0, 0x000002484e52ec20, 0x000002484e52f690,
0x0000024837136630, 0x000002484e7574f0, 0x000002484e757c40, 0x000002484e7deb80,
0x000002484e78d7f0, 0x0000024894006ed0, 0x00000248940e3b30, 0x000002489514aae0
}

Java Threads: ( => current thread )
  0x0000024836f9afa0 JavaThread "main"                              [_thread_blocked, id=39708, stack(0x000000c575c00000,0x000000c575d00000) (1024K)]
  0x000002483712cba0 JavaThread "Reference Handler"          daemon [_thread_blocked, id=30524, stack(0x000000c576400000,0x000000c576500000) (1024K)]
  0x000002483712d640 JavaThread "Finalizer"                  daemon [_thread_blocked, id=36020, stack(0x000000c576500000,0x000000c576600000) (1024K)]
  0x000002484e5293d0 JavaThread "Signal Dispatcher"          daemon [_thread_blocked, id=34376, stack(0x000000c576600000,0x000000c576700000) (1024K)]
=>0x000002484e529d90 JavaThread "Attach Listener"            daemon [_thread_in_native, id=1632, stack(0x000000c576700000,0x000000c576800000) (1024K)]
  0x000002484e52a4d0 JavaThread "Service Thread"             daemon [_thread_blocked, id=29228, stack(0x000000c576800000,0x000000c576900000) (1024K)]
  0x000002484e52ec20 JavaThread "Monitor Deflation Thread"   daemon [_thread_blocked, id=32728, stack(0x000000c576900000,0x000000c576a00000) (1024K)]
  0x000002484e52f690 JavaThread "C2 CompilerThread0"         daemon [_thread_blocked, id=37972, stack(0x000000c576a00000,0x000000c576b00000) (1024K)]
  0x0000024837136630 JavaThread "C1 CompilerThread0"         daemon [_thread_blocked, id=8528, stack(0x000000c576b00000,0x000000c576c00000) (1024K)]
  0x000002484e7574f0 JavaThread "JDWP Transport Listener: dt_socket" daemon [_thread_blocked, id=40168, stack(0x000000c576d00000,0x000000c576e00000) (1024K)]
  0x000002484e757c40 JavaThread "JDWP Event Helper Thread"   daemon [_thread_blocked, id=24152, stack(0x000000c576e00000,0x000000c576f00000) (1024K)]
  0x000002484e7deb80 JavaThread "JDWP Command Reader"        daemon [_thread_in_native, id=41244, stack(0x000000c576f00000,0x000000c577000000) (1024K)]
  0x000002484e78d7f0 JavaThread "Common-Cleaner"             daemon [_thread_blocked, id=6496, stack(0x000000c577000000,0x000000c577100000) (1024K)]
  0x0000024894006ed0 JavaThread "IntelliJ Suspend Helper"    daemon [_thread_blocked, id=14464, stack(0x000000c577100000,0x000000c577200000) (1024K)]
  0x00000248940e3b30 JavaThread "Notification Thread"        daemon [_thread_blocked, id=22776, stack(0x000000c577200000,0x000000c577300000) (1024K)]
  0x000002489514aae0 JavaThread "BossGroup-1-1"                     [_thread_in_native, id=24820, stack(0x000000c577a00000,0x000000c577b00000) (1024K)]
Total: 16

Other Threads:
  0x000002483711f230 VMThread "VM Thread"                           [id=27176, stack(0x000000c576300000,0x000000c576400000) (1024K)]
  0x000002484e51c210 WatcherThread "VM Periodic Task Thread"        [id=12552, stack(0x000000c576200000,0x000000c576300000) (1024K)]
  0x0000024837008b50 WorkerThread "GC Thread#0"                     [id=44768, stack(0x000000c575d00000,0x000000c575e00000) (1024K)]
  0x0000024895197dd0 WorkerThread "GC Thread#1"                     [id=37700, stack(0x000000c577300000,0x000000c577400000) (1024K)]
  0x0000024895846040 WorkerThread "GC Thread#2"                     [id=22108, stack(0x000000c577400000,0x000000c577500000) (1024K)]
  0x0000024895845c90 WorkerThread "GC Thread#3"                     [id=39764, stack(0x000000c577500000,0x000000c577600000) (1024K)]
  0x00000248958442c0 WorkerThread "GC Thread#4"                     [id=1144, stack(0x000000c577600000,0x000000c577700000) (1024K)]
  0x0000024895846f00 WorkerThread "GC Thread#5"                     [id=43132, stack(0x000000c577700000,0x000000c577800000) (1024K)]
  0x0000024895843b60 WorkerThread "GC Thread#6"                     [id=15656, stack(0x000000c577800000,0x000000c577900000) (1024K)]
  0x0000024895844a20 WorkerThread "GC Thread#7"                     [id=37872, stack(0x000000c577900000,0x000000c577a00000) (1024K)]
  0x000002483701da50 ConcurrentGCThread "G1 Main Marker"            [id=3216, stack(0x000000c575e00000,0x000000c575f00000) (1024K)]
  0x000002483701ec10 WorkerThread "G1 Conc#0"                       [id=36084, stack(0x000000c575f00000,0x000000c576000000) (1024K)]
  0x00000248370e5410 ConcurrentGCThread "G1 Refine#0"               [id=35920, stack(0x000000c576000000,0x000000c576100000) (1024K)]
  0x00000248370e7ac0 ConcurrentGCThread "G1 Service"                [id=45632, stack(0x000000c576100000,0x000000c576200000) (1024K)]
Total: 14

Threads with active compile tasks:
Total: 0

VM state: not at safepoint (normal execution)

VM Mutex/Monitor currently owned by a thread: None

Heap address: 0x0000000703200000, size: 4046 MB, Compressed Oops mode: Zero based, Oop shift amount: 3

CDS archive(s) mapped at: [0x000002484f000000-0x000002484fd40000-0x000002484fd40000), size 13893632, SharedBaseAddress: 0x000002484f000000, ArchiveRelocationMode: 1.
Compressed class space mapped at: 0x0000024850000000-0x0000024890000000, reserved size: 1073741824
UseCompressedClassPointers 1, UseCompactObjectHeaders 0
Narrow klass pointer bits 32, Max shift 3
Narrow klass base: 0x000002484f000000, Narrow klass shift: 0
Encoding Range: [0x000002484f000000 - 0x000002494f000000), (4294967296 bytes)
Klass Range:    [0x000002484f000000 - 0x0000024890000000), (1090519040 bytes)
Klass ID Range:  [8 - 1090519033) (1090519025)

GC Precious Log:
 CardTable entry size: 512
 Card Set container configuration: InlinePtr #cards 4 size 8 Array Of Cards #cards 16 size 48 Howl #buckets 8 coarsen threshold 3686 Howl Bitmap #cards 512 size 80 coarsen threshold 460 Card regions per heap region 1 cards per card region 4096
 CPUs: 8 total, 8 available
 Memory: 16176M
 Large Page Support: Disabled
 NUMA Support: Disabled
 Compressed Oops: Enabled (Zero based)
 Heap Region Size: 2M
 Heap Min Capacity: 8M
 Heap Initial Capacity: 254M
 Heap Max Capacity: 4046M
 Pre-touch: Disabled
 Parallel Workers: 8
 Concurrent Workers: 2
 Concurrent Refinement Workers: 8
 Periodic GC: Disabled

Heap:
 garbage-first heap   total reserved 4143104K, committed 262144K, used 10451K [0x0000000703200000, 0x0000000800000000)
  region size 2048K, 5 young (10240K), 3 survivors (6144K)
 Metaspace       used 18822K, committed 19136K, reserved 1114112K
  class space    used 1642K, committed 1792K, reserved 1048576K

Heap Regions: E=young(eden), S=young(survivor), O=old, HS=humongous(starts), HC=humongous(continues), CS=collection set, F=free, TAMS=top-at-mark-start, PB=parsable bottom
|   0|0x0000000703200000, 0x0000000703318988, 0x0000000703400000| 54%| O|  |TAMS 0x0000000703200000| PB 0x0000000703200000| Untracked |  0
|   1|0x0000000703400000, 0x0000000703400000, 0x0000000703600000|  0%| F|  |TAMS 0x0000000703400000| PB 0x0000000703400000| Untracked |  0
|   2|0x0000000703600000, 0x0000000703600000, 0x0000000703800000|  0%| F|  |TAMS 0x0000000703600000| PB 0x0000000703600000| Untracked |  0
|   3|0x0000000703800000, 0x0000000703800000, 0x0000000703a00000|  0%| F|  |TAMS 0x0000000703800000| PB 0x0000000703800000| Untracked |  0
|   4|0x0000000703a00000, 0x0000000703a00000, 0x0000000703c00000|  0%| F|  |TAMS 0x0000000703a00000| PB 0x0000000703a00000| Untracked |  0
|   5|0x0000000703c00000, 0x0000000703c00000, 0x0000000703e00000|  0%| F|  |TAMS 0x0000000703c00000| PB 0x0000000703c00000| Untracked |  0
|   6|0x0000000703e00000, 0x0000000703e00000, 0x0000000704000000|  0%| F|  |TAMS 0x0000000703e00000| PB 0x0000000703e00000| Untracked |  0
|   7|0x0000000704000000, 0x0000000704000000, 0x0000000704200000|  0%| F|  |TAMS 0x0000000704000000| PB 0x0000000704000000| Untracked |  0
|   8|0x0000000704200000, 0x0000000704200000, 0x0000000704400000|  0%| F|  |TAMS 0x0000000704200000| PB 0x0000000704200000| Untracked |  0
|   9|0x0000000704400000, 0x0000000704400000, 0x0000000704600000|  0%| F|  |TAMS 0x0000000704400000| PB 0x0000000704400000| Untracked |  0
|  10|0x0000000704600000, 0x0000000704600000, 0x0000000704800000|  0%| F|  |TAMS 0x0000000704600000| PB 0x0000000704600000| Untracked |  0
|  11|0x0000000704800000, 0x0000000704800000, 0x0000000704a00000|  0%| F|  |TAMS 0x0000000704800000| PB 0x0000000704800000| Untracked |  0
|  12|0x0000000704a00000, 0x0000000704a00000, 0x0000000704c00000|  0%| F|  |TAMS 0x0000000704a00000| PB 0x0000000704a00000| Untracked |  0
|  13|0x0000000704c00000, 0x0000000704c00000, 0x0000000704e00000|  0%| F|  |TAMS 0x0000000704c00000| PB 0x0000000704c00000| Untracked |  0
|  14|0x0000000704e00000, 0x0000000704e00000, 0x0000000705000000|  0%| F|  |TAMS 0x0000000704e00000| PB 0x0000000704e00000| Untracked |  0
|  15|0x0000000705000000, 0x0000000705000000, 0x0000000705200000|  0%| F|  |TAMS 0x0000000705000000| PB 0x0000000705000000| Untracked |  0
|  16|0x0000000705200000, 0x0000000705200000, 0x0000000705400000|  0%| F|  |TAMS 0x0000000705200000| PB 0x0000000705200000| Untracked |  0
|  17|0x0000000705400000, 0x0000000705400000, 0x0000000705600000|  0%| F|  |TAMS 0x0000000705400000| PB 0x0000000705400000| Untracked |  0
|  18|0x0000000705600000, 0x0000000705600000, 0x0000000705800000|  0%| F|  |TAMS 0x0000000705600000| PB 0x0000000705600000| Untracked |  0
|  19|0x0000000705800000, 0x0000000705800000, 0x0000000705a00000|  0%| F|  |TAMS 0x0000000705800000| PB 0x0000000705800000| Untracked |  0
|  20|0x0000000705a00000, 0x0000000705a00000, 0x0000000705c00000|  0%| F|  |TAMS 0x0000000705a00000| PB 0x0000000705a00000| Untracked |  0
|  21|0x0000000705c00000, 0x0000000705c00000, 0x0000000705e00000|  0%| F|  |TAMS 0x0000000705c00000| PB 0x0000000705c00000| Untracked |  0
|  22|0x0000000705e00000, 0x0000000705e00000, 0x0000000706000000|  0%| F|  |TAMS 0x0000000705e00000| PB 0x0000000705e00000| Untracked |  0
|  23|0x0000000706000000, 0x0000000706000000, 0x0000000706200000|  0%| F|  |TAMS 0x0000000706000000| PB 0x0000000706000000| Untracked |  0
|  24|0x0000000706200000, 0x0000000706200000, 0x0000000706400000|  0%| F|  |TAMS 0x0000000706200000| PB 0x0000000706200000| Untracked |  0
|  25|0x0000000706400000, 0x0000000706400000, 0x0000000706600000|  0%| F|  |TAMS 0x0000000706400000| PB 0x0000000706400000| Untracked |  0
|  26|0x0000000706600000, 0x0000000706600000, 0x0000000706800000|  0%| F|  |TAMS 0x0000000706600000| PB 0x0000000706600000| Untracked |  0
|  27|0x0000000706800000, 0x0000000706800000, 0x0000000706a00000|  0%| F|  |TAMS 0x0000000706800000| PB 0x0000000706800000| Untracked |  0
|  28|0x0000000706a00000, 0x0000000706a00000, 0x0000000706c00000|  0%| F|  |TAMS 0x0000000706a00000| PB 0x0000000706a00000| Untracked |  0
|  29|0x0000000706c00000, 0x0000000706c00000, 0x0000000706e00000|  0%| F|  |TAMS 0x0000000706c00000| PB 0x0000000706c00000| Untracked |  0
|  30|0x0000000706e00000, 0x0000000706e00000, 0x0000000707000000|  0%| F|  |TAMS 0x0000000706e00000| PB 0x0000000706e00000| Untracked |  0
|  31|0x0000000707000000, 0x0000000707000000, 0x0000000707200000|  0%| F|  |TAMS 0x0000000707000000| PB 0x0000000707000000| Untracked |  0
|  32|0x0000000707200000, 0x0000000707200000, 0x0000000707400000|  0%| F|  |TAMS 0x0000000707200000| PB 0x0000000707200000| Untracked |  0
|  33|0x0000000707400000, 0x0000000707400000, 0x0000000707600000|  0%| F|  |TAMS 0x0000000707400000| PB 0x0000000707400000| Untracked |  0
|  34|0x0000000707600000, 0x0000000707600000, 0x0000000707800000|  0%| F|  |TAMS 0x0000000707600000| PB 0x0000000707600000| Untracked |  0
|  35|0x0000000707800000, 0x0000000707800000, 0x0000000707a00000|  0%| F|  |TAMS 0x0000000707800000| PB 0x0000000707800000| Untracked |  0
|  36|0x0000000707a00000, 0x0000000707a00000, 0x0000000707c00000|  0%| F|  |TAMS 0x0000000707a00000| PB 0x0000000707a00000| Untracked |  0
|  37|0x0000000707c00000, 0x0000000707c00000, 0x0000000707e00000|  0%| F|  |TAMS 0x0000000707c00000| PB 0x0000000707c00000| Untracked |  0
|  38|0x0000000707e00000, 0x0000000707e00000, 0x0000000708000000|  0%| F|  |TAMS 0x0000000707e00000| PB 0x0000000707e00000| Untracked |  0
|  39|0x0000000708000000, 0x0000000708000000, 0x0000000708200000|  0%| F|  |TAMS 0x0000000708000000| PB 0x0000000708000000| Untracked |  0
|  40|0x0000000708200000, 0x0000000708200000, 0x0000000708400000|  0%| F|  |TAMS 0x0000000708200000| PB 0x0000000708200000| Untracked |  0
|  41|0x0000000708400000, 0x0000000708400000, 0x0000000708600000|  0%| F|  |TAMS 0x0000000708400000| PB 0x0000000708400000| Untracked |  0
|  42|0x0000000708600000, 0x0000000708600000, 0x0000000708800000|  0%| F|  |TAMS 0x0000000708600000| PB 0x0000000708600000| Untracked |  0
|  43|0x0000000708800000, 0x0000000708800000, 0x0000000708a00000|  0%| F|  |TAMS 0x0000000708800000| PB 0x0000000708800000| Untracked |  0
|  44|0x0000000708a00000, 0x0000000708a00000, 0x0000000708c00000|  0%| F|  |TAMS 0x0000000708a00000| PB 0x0000000708a00000| Untracked |  0
|  45|0x0000000708c00000, 0x0000000708c00000, 0x0000000708e00000|  0%| F|  |TAMS 0x0000000708c00000| PB 0x0000000708c00000| Untracked |  0
|  46|0x0000000708e00000, 0x0000000708e00000, 0x0000000709000000|  0%| F|  |TAMS 0x0000000708e00000| PB 0x0000000708e00000| Untracked |  0
|  47|0x0000000709000000, 0x0000000709000000, 0x0000000709200000|  0%| F|  |TAMS 0x0000000709000000| PB 0x0000000709000000| Untracked |  0
|  48|0x0000000709200000, 0x0000000709200000, 0x0000000709400000|  0%| F|  |TAMS 0x0000000709200000| PB 0x0000000709200000| Untracked |  0
|  49|0x0000000709400000, 0x0000000709400000, 0x0000000709600000|  0%| F|  |TAMS 0x0000000709400000| PB 0x0000000709400000| Untracked |  0
|  50|0x0000000709600000, 0x0000000709600000, 0x0000000709800000|  0%| F|  |TAMS 0x0000000709600000| PB 0x0000000709600000| Untracked |  0
|  51|0x0000000709800000, 0x0000000709800000, 0x0000000709a00000|  0%| F|  |TAMS 0x0000000709800000| PB 0x0000000709800000| Untracked |  0
|  52|0x0000000709a00000, 0x0000000709a00000, 0x0000000709c00000|  0%| F|  |TAMS 0x0000000709a00000| PB 0x0000000709a00000| Untracked |  0
|  53|0x0000000709c00000, 0x0000000709c00000, 0x0000000709e00000|  0%| F|  |TAMS 0x0000000709c00000| PB 0x0000000709c00000| Untracked |  0
|  54|0x0000000709e00000, 0x0000000709e00000, 0x000000070a000000|  0%| F|  |TAMS 0x0000000709e00000| PB 0x0000000709e00000| Untracked |  0
|  55|0x000000070a000000, 0x000000070a000000, 0x000000070a200000|  0%| F|  |TAMS 0x000000070a000000| PB 0x000000070a000000| Untracked |  0
|  56|0x000000070a200000, 0x000000070a200000, 0x000000070a400000|  0%| F|  |TAMS 0x000000070a200000| PB 0x000000070a200000| Untracked |  0
|  57|0x000000070a400000, 0x000000070a400000, 0x000000070a600000|  0%| F|  |TAMS 0x000000070a400000| PB 0x000000070a400000| Untracked |  0
|  58|0x000000070a600000, 0x000000070a600000, 0x000000070a800000|  0%| F|  |TAMS 0x000000070a600000| PB 0x000000070a600000| Untracked |  0
|  59|0x000000070a800000, 0x000000070a800000, 0x000000070aa00000|  0%| F|  |TAMS 0x000000070a800000| PB 0x000000070a800000| Untracked |  0
|  60|0x000000070aa00000, 0x000000070aa00000, 0x000000070ac00000|  0%| F|  |TAMS 0x000000070aa00000| PB 0x000000070aa00000| Untracked |  0
|  61|0x000000070ac00000, 0x000000070ac00000, 0x000000070ae00000|  0%| F|  |TAMS 0x000000070ac00000| PB 0x000000070ac00000| Untracked |  0
|  62|0x000000070ae00000, 0x000000070ae00000, 0x000000070b000000|  0%| F|  |TAMS 0x000000070ae00000| PB 0x000000070ae00000| Untracked |  0
|  63|0x000000070b000000, 0x000000070b000000, 0x000000070b200000|  0%| F|  |TAMS 0x000000070b000000| PB 0x000000070b000000| Untracked |  0
|  64|0x000000070b200000, 0x000000070b200000, 0x000000070b400000|  0%| F|  |TAMS 0x000000070b200000| PB 0x000000070b200000| Untracked |  0
|  65|0x000000070b400000, 0x000000070b400000, 0x000000070b600000|  0%| F|  |TAMS 0x000000070b400000| PB 0x000000070b400000| Untracked |  0
|  66|0x000000070b600000, 0x000000070b600000, 0x000000070b800000|  0%| F|  |TAMS 0x000000070b600000| PB 0x000000070b600000| Untracked |  0
|  67|0x000000070b800000, 0x000000070b800000, 0x000000070ba00000|  0%| F|  |TAMS 0x000000070b800000| PB 0x000000070b800000| Untracked |  0
|  68|0x000000070ba00000, 0x000000070ba00000, 0x000000070bc00000|  0%| F|  |TAMS 0x000000070ba00000| PB 0x000000070ba00000| Untracked |  0
|  69|0x000000070bc00000, 0x000000070bc00000, 0x000000070be00000|  0%| F|  |TAMS 0x000000070bc00000| PB 0x000000070bc00000| Untracked |  0
|  70|0x000000070be00000, 0x000000070be00000, 0x000000070c000000|  0%| F|  |TAMS 0x000000070be00000| PB 0x000000070be00000| Untracked |  0
|  71|0x000000070c000000, 0x000000070c000000, 0x000000070c200000|  0%| F|  |TAMS 0x000000070c000000| PB 0x000000070c000000| Untracked |  0
|  72|0x000000070c200000, 0x000000070c200000, 0x000000070c400000|  0%| F|  |TAMS 0x000000070c200000| PB 0x000000070c200000| Untracked |  0
|  73|0x000000070c400000, 0x000000070c400000, 0x000000070c600000|  0%| F|  |TAMS 0x000000070c400000| PB 0x000000070c400000| Untracked |  0
|  74|0x000000070c600000, 0x000000070c600000, 0x000000070c800000|  0%| F|  |TAMS 0x000000070c600000| PB 0x000000070c600000| Untracked |  0
|  75|0x000000070c800000, 0x000000070c800000, 0x000000070ca00000|  0%| F|  |TAMS 0x000000070c800000| PB 0x000000070c800000| Untracked |  0
|  76|0x000000070ca00000, 0x000000070ca00000, 0x000000070cc00000|  0%| F|  |TAMS 0x000000070ca00000| PB 0x000000070ca00000| Untracked |  0
|  77|0x000000070cc00000, 0x000000070cc00000, 0x000000070ce00000|  0%| F|  |TAMS 0x000000070cc00000| PB 0x000000070cc00000| Untracked |  0
|  78|0x000000070ce00000, 0x000000070ce00000, 0x000000070d000000|  0%| F|  |TAMS 0x000000070ce00000| PB 0x000000070ce00000| Untracked |  0
|  79|0x000000070d000000, 0x000000070d000000, 0x000000070d200000|  0%| F|  |TAMS 0x000000070d000000| PB 0x000000070d000000| Untracked |  0
|  80|0x000000070d200000, 0x000000070d200000, 0x000000070d400000|  0%| F|  |TAMS 0x000000070d200000| PB 0x000000070d200000| Untracked |  0
|  81|0x000000070d400000, 0x000000070d400000, 0x000000070d600000|  0%| F|  |TAMS 0x000000070d400000| PB 0x000000070d400000| Untracked |  0
|  82|0x000000070d600000, 0x000000070d600000, 0x000000070d800000|  0%| F|  |TAMS 0x000000070d600000| PB 0x000000070d600000| Untracked |  0
|  83|0x000000070d800000, 0x000000070d800000, 0x000000070da00000|  0%| F|  |TAMS 0x000000070d800000| PB 0x000000070d800000| Untracked |  0
|  84|0x000000070da00000, 0x000000070da00000, 0x000000070dc00000|  0%| F|  |TAMS 0x000000070da00000| PB 0x000000070da00000| Untracked |  0
|  85|0x000000070dc00000, 0x000000070dc00000, 0x000000070de00000|  0%| F|  |TAMS 0x000000070dc00000| PB 0x000000070dc00000| Untracked |  0
|  86|0x000000070de00000, 0x000000070de00000, 0x000000070e000000|  0%| F|  |TAMS 0x000000070de00000| PB 0x000000070de00000| Untracked |  0
|  87|0x000000070e000000, 0x000000070e000000, 0x000000070e200000|  0%| F|  |TAMS 0x000000070e000000| PB 0x000000070e000000| Untracked |  0
|  88|0x000000070e200000, 0x000000070e200000, 0x000000070e400000|  0%| F|  |TAMS 0x000000070e200000| PB 0x000000070e200000| Untracked |  0
|  89|0x000000070e400000, 0x000000070e400000, 0x000000070e600000|  0%| F|  |TAMS 0x000000070e400000| PB 0x000000070e400000| Untracked |  0
|  90|0x000000070e600000, 0x000000070e600000, 0x000000070e800000|  0%| F|  |TAMS 0x000000070e600000| PB 0x000000070e600000| Untracked |  0
|  91|0x000000070e800000, 0x000000070e800000, 0x000000070ea00000|  0%| F|  |TAMS 0x000000070e800000| PB 0x000000070e800000| Untracked |  0
|  92|0x000000070ea00000, 0x000000070ea00000, 0x000000070ec00000|  0%| F|  |TAMS 0x000000070ea00000| PB 0x000000070ea00000| Untracked |  0
|  93|0x000000070ec00000, 0x000000070ec00000, 0x000000070ee00000|  0%| F|  |TAMS 0x000000070ec00000| PB 0x000000070ec00000| Untracked |  0
|  94|0x000000070ee00000, 0x000000070ee00000, 0x000000070f000000|  0%| F|  |TAMS 0x000000070ee00000| PB 0x000000070ee00000| Untracked |  0
|  95|0x000000070f000000, 0x000000070f000000, 0x000000070f200000|  0%| F|  |TAMS 0x000000070f000000| PB 0x000000070f000000| Untracked |  0
|  96|0x000000070f200000, 0x000000070f200000, 0x000000070f400000|  0%| F|  |TAMS 0x000000070f200000| PB 0x000000070f200000| Untracked |  0
|  97|0x000000070f400000, 0x000000070f400000, 0x000000070f600000|  0%| F|  |TAMS 0x000000070f400000| PB 0x000000070f400000| Untracked |  0
|  98|0x000000070f600000, 0x000000070f600000, 0x000000070f800000|  0%| F|  |TAMS 0x000000070f600000| PB 0x000000070f600000| Untracked |  0
|  99|0x000000070f800000, 0x000000070f800000, 0x000000070fa00000|  0%| F|  |TAMS 0x000000070f800000| PB 0x000000070f800000| Untracked |  0
| 100|0x000000070fa00000, 0x000000070fc00000, 0x000000070fc00000|100%| S|CS|TAMS 0x000000070fa00000| PB 0x000000070fa00000| Complete |  0
| 101|0x000000070fc00000, 0x000000070fe00000, 0x000000070fe00000|100%| S|CS|TAMS 0x000000070fc00000| PB 0x000000070fc00000| Complete |  0
| 102|0x000000070fe00000, 0x0000000710000000, 0x0000000710000000|100%| S|CS|TAMS 0x000000070fe00000| PB 0x000000070fe00000| Complete |  0
| 103|0x0000000710000000, 0x0000000710000000, 0x0000000710200000|  0%| F|  |TAMS 0x0000000710000000| PB 0x0000000710000000| Untracked |  0
| 104|0x0000000710200000, 0x0000000710200000, 0x0000000710400000|  0%| F|  |TAMS 0x0000000710200000| PB 0x0000000710200000| Untracked |  0
| 105|0x0000000710400000, 0x0000000710400000, 0x0000000710600000|  0%| F|  |TAMS 0x0000000710400000| PB 0x0000000710400000| Untracked |  0
| 106|0x0000000710600000, 0x0000000710600000, 0x0000000710800000|  0%| F|  |TAMS 0x0000000710600000| PB 0x0000000710600000| Untracked |  0
| 107|0x0000000710800000, 0x0000000710800000, 0x0000000710a00000|  0%| F|  |TAMS 0x0000000710800000| PB 0x0000000710800000| Untracked |  0
| 108|0x0000000710a00000, 0x0000000710a00000, 0x0000000710c00000|  0%| F|  |TAMS 0x0000000710a00000| PB 0x0000000710a00000| Untracked |  0
| 109|0x0000000710c00000, 0x0000000710c00000, 0x0000000710e00000|  0%| F|  |TAMS 0x0000000710c00000| PB 0x0000000710c00000| Untracked |  0
| 110|0x0000000710e00000, 0x0000000710e00000, 0x0000000711000000|  0%| F|  |TAMS 0x0000000710e00000| PB 0x0000000710e00000| Untracked |  0
| 111|0x0000000711000000, 0x0000000711000000, 0x0000000711200000|  0%| F|  |TAMS 0x0000000711000000| PB 0x0000000711000000| Untracked |  0
| 112|0x0000000711200000, 0x0000000711200000, 0x0000000711400000|  0%| F|  |TAMS 0x0000000711200000| PB 0x0000000711200000| Untracked |  0
| 113|0x0000000711400000, 0x0000000711400000, 0x0000000711600000|  0%| F|  |TAMS 0x0000000711400000| PB 0x0000000711400000| Untracked |  0
| 114|0x0000000711600000, 0x0000000711600000, 0x0000000711800000|  0%| F|  |TAMS 0x0000000711600000| PB 0x0000000711600000| Untracked |  0
| 115|0x0000000711800000, 0x0000000711800000, 0x0000000711a00000|  0%| F|  |TAMS 0x0000000711800000| PB 0x0000000711800000| Untracked |  0
| 116|0x0000000711a00000, 0x0000000711a00000, 0x0000000711c00000|  0%| F|  |TAMS 0x0000000711a00000| PB 0x0000000711a00000| Untracked |  0
| 117|0x0000000711c00000, 0x0000000711c00000, 0x0000000711e00000|  0%| F|  |TAMS 0x0000000711c00000| PB 0x0000000711c00000| Untracked |  0
| 118|0x0000000711e00000, 0x0000000711e00000, 0x0000000712000000|  0%| F|  |TAMS 0x0000000711e00000| PB 0x0000000711e00000| Untracked |  0
| 119|0x0000000712000000, 0x0000000712000000, 0x0000000712200000|  0%| F|  |TAMS 0x0000000712000000| PB 0x0000000712000000| Untracked |  0
| 120|0x0000000712200000, 0x0000000712200000, 0x0000000712400000|  0%| F|  |TAMS 0x0000000712200000| PB 0x0000000712200000| Untracked |  0
| 121|0x0000000712400000, 0x0000000712400000, 0x0000000712600000|  0%| F|  |TAMS 0x0000000712400000| PB 0x0000000712400000| Untracked |  0
| 122|0x0000000712600000, 0x0000000712600000, 0x0000000712800000|  0%| F|  |TAMS 0x0000000712600000| PB 0x0000000712600000| Untracked |  0
| 123|0x0000000712800000, 0x0000000712800000, 0x0000000712a00000|  0%| F|  |TAMS 0x0000000712800000| PB 0x0000000712800000| Untracked |  0
| 124|0x0000000712a00000, 0x0000000712a00000, 0x0000000712c00000|  0%| F|  |TAMS 0x0000000712a00000| PB 0x0000000712a00000| Untracked |  0
| 125|0x0000000712c00000, 0x0000000712e00000, 0x0000000712e00000|100%| E|  |TAMS 0x0000000712c00000| PB 0x0000000712c00000| Complete |  0
| 126|0x0000000712e00000, 0x0000000713000000, 0x0000000713000000|100%| E|CS|TAMS 0x0000000712e00000| PB 0x0000000712e00000| Complete |  0
|2022|0x00000007ffe00000, 0x00000007fff1c288, 0x0000000800000000| 55%| O|  |TAMS 0x00000007ffe00000| PB 0x00000007ffe00000| Untracked |  0

Card table byte_map: [0x00000248473c0000,0x0000024847bb0000] _byte_map_base: 0x0000024843ba7000

Marking Bits: (CMBitMap*) 0x0000024837009170
 Bits: [0x0000024847bb0000, 0x000002484bae8000)

Polling page: 0x000002482c3c0000

Metaspace:

Usage:
  Non-class:     16.78 MB used.
      Class:      1.60 MB used.
       Both:     18.38 MB used.

Virtual space:
  Non-class space:       64.00 MB reserved,      16.94 MB ( 26%) committed,  1 nodes.
      Class space:        1.00 GB reserved,       1.75 MB ( <1%) committed,  1 nodes.
             Both:        1.06 GB reserved,      18.69 MB (  2%) committed. 

Chunk freelists:
   Non-Class:  14.93 MB
       Class:  14.10 MB
        Both:  29.03 MB

MaxMetaspaceSize: unlimited
CompressedClassSpaceSize: 1.00 GB
Initial GC threshold: 21.00 MB
Current GC threshold: 21.00 MB
CDS: on
 - commit_granule_bytes: 65536.
 - commit_granule_words: 8192.
 - virtual_space_node_default_size: 8388608.
 - enlarge_chunks_in_place: 1.
UseCompressedClassPointers 1, UseCompactObjectHeaders 0
Narrow klass pointer bits 32, Max shift 3
Narrow klass base: 0x000002484f000000, Narrow klass shift: 0
Encoding Range: [0x000002484f000000 - 0x000002494f000000), (4294967296 bytes)
Klass Range:    [0x000002484f000000 - 0x0000024890000000), (1090519040 bytes)
Klass ID Range:  [8 - 1090519033) (1090519025)


Internal statistics:

num_allocs_failed_limit: 0.
num_arena_births: 188.
num_arena_deaths: 0.
num_vsnodes_births: 2.
num_vsnodes_deaths: 0.
num_space_committed: 299.
num_space_uncommitted: 0.
num_chunks_returned_to_freelist: 0.
num_chunks_taken_from_freelist: 496.
num_chunk_merges: 0.
num_chunk_splits: 331.
num_chunks_enlarged: 248.
num_inconsistent_stats: 0.

CodeHeap 'non-profiled nmethods': size=120064Kb used=680Kb max_used=680Kb free=119383Kb
 bounds [0x000002483ec10000, 0x000002483ee80000, 0x0000024846150000]
CodeHeap 'profiled nmethods': size=120000Kb used=3370Kb max_used=3370Kb free=116629Kb
 bounds [0x0000024837150000, 0x00000248374a0000, 0x000002483e680000]
CodeHeap 'non-nmethods': size=5696Kb used=1454Kb max_used=1490Kb free=4241Kb
 bounds [0x000002483e680000, 0x000002483e8f0000, 0x000002483ec10000]
CodeCache: size=245760Kb, used=5504Kb, max_used=5540Kb, free=240253Kb
 total_blobs=2739, nmethods=2181, adapters=463, full_count=0
Compilation: enabled, stopped_count=0, restarted_count=0

Compilation events (20 events):
Event: 44.362 Thread 0x0000024837136630 2172       1       sun.nio.fs.NativeBuffer::size (5 bytes)
Event: 44.362 Thread 0x0000024837136630 nmethod 2172 0x000002483ecb8288 code [0x000002483ecb8380, 0x000002483ecb8448]
Event: 44.363 Thread 0x0000024837136630 2173       3       java.io.WinNTFileSystem::normalize (224 bytes)
Event: 44.363 Thread 0x000002484e52f690 2175  s!   4       jdk.internal.loader.URLClassPath::getLoader (202 bytes)
Event: 44.364 Thread 0x0000024837136630 nmethod 2173 0x0000024837496288 code [0x00000248374965e0, 0x00000248374987c8]
Event: 44.364 Thread 0x0000024837136630 2174       1       sun.nio.fs.NativeBuffer::setOwner (6 bytes)
Event: 44.364 Thread 0x0000024837136630 nmethod 2174 0x000002483ecb8588 code [0x000002483ecb86a0, 0x000002483ecb87b8]
Event: 44.368 Thread 0x000002484e52f690 nmethod 2175 0x000002483ecb8888 code [0x000002483ecb8a80, 0x000002483ecb9810]
Event: 44.395 Thread 0x0000024837136630 2177       1       jdk.internal.classfile.impl.DirectClassBuilder::setInterfaces (6 bytes)
Event: 44.395 Thread 0x0000024837136630 nmethod 2177 0x000002483ecb9c08 code [0x000002483ecb9d20, 0x000002483ecb9e38]
Event: 44.396 Thread 0x0000024837136630 2178       3       jdk.internal.misc.Unsafe::shouldBeInitialized (18 bytes)
Event: 44.396 Thread 0x0000024837136630 nmethod 2178 0x0000024837498888 code [0x00000248374989c0, 0x0000024837498c18]
Event: 44.396 Thread 0x0000024837136630 2180       3       jdk.internal.classfile.impl.DirectCodeBuilder::ldc (23 bytes)
Event: 44.397 Thread 0x0000024837136630 nmethod 2180 0x0000024837498c88 code [0x0000024837498e20, 0x0000024837499698]
Event: 44.397 Thread 0x0000024837136630 2181       3       jdk.internal.classfile.impl.BytecodeHelpers::ldcOpcode (41 bytes)
Event: 44.397 Thread 0x0000024837136630 nmethod 2181 0x0000024837499708 code [0x0000024837499860, 0x0000024837499c68]
Event: 44.397 Thread 0x0000024837136630 2182       3       jdk.internal.classfile.impl.DirectCodeBuilder::writeDirectLoadConstant (77 bytes)
Event: 44.397 Thread 0x0000024837136630 nmethod 2182 0x0000024837499c88 code [0x0000024837499e00, 0x000002483749a5d8]
Event: 44.397 Thread 0x0000024837136630 2183       3       java.lang.classfile.constantpool.LoadableConstantEntry::typeKind (4 bytes)
Event: 44.397 Thread 0x0000024837136630 nmethod 2183 0x000002483749a608 code [0x000002483749a720, 0x000002483749a830]

GC Heap History (2 events):
Event: 1.393 GC heap before
{Heap before GC invocations=0 (full 0):
 garbage-first heap   total reserved 4143104K, committed 262144K, used 48240K [0x0000000703200000, 0x0000000800000000)
  region size 2048K, 24 young (49152K), 0 survivors (0K)
 Metaspace       used 18083K, committed 18432K, reserved 1114112K
  class space    used 1561K, committed 1728K, reserved 1048576K
}
Event: 1.399 GC heap after
{Heap after GC invocations=1 (full 0):
 garbage-first heap   total reserved 4143104K, committed 262144K, used 8403K [0x0000000703200000, 0x0000000800000000)
  region size 2048K, 3 young (6144K), 3 survivors (6144K)
 Metaspace       used 18083K, committed 18432K, reserved 1114112K
  class space    used 1561K, committed 1728K, reserved 1048576K
}

Dll operation events (14 events):
Event: 0.019 Loaded shared library C:\Users\29684\.jdks\openjdk-24.0.1\bin\java.dll
Event: 0.021 Loaded shared library C:\Users\29684\.jdks\openjdk-24.0.1\bin\zip.dll
Event: 0.053 Loaded shared library C:\Users\29684\.jdks\openjdk-24.0.1\bin\jsvml.dll
Event: 0.145 Loaded shared library C:\Users\29684\.jdks\openjdk-24.0.1\bin\instrument.dll
Event: 0.221 Loaded shared library C:\Users\29684\.jdks\openjdk-24.0.1\bin\net.dll
Event: 0.224 Loaded shared library C:\Users\29684\.jdks\openjdk-24.0.1\bin\nio.dll
Event: 0.236 Loaded shared library C:\Users\29684\.jdks\openjdk-24.0.1\bin\zip.dll
Event: 0.253 Loaded shared library C:\Users\29684\.jdks\openjdk-24.0.1\bin\verify.dll
Event: 0.266 Loaded shared library C:\Users\29684\.jdks\openjdk-24.0.1\bin\jimage.dll
Event: 0.429 Loaded shared library C:\Users\29684\.jdks\openjdk-24.0.1\bin\management.dll
Event: 0.432 Loaded shared library C:\Users\29684\.jdks\openjdk-24.0.1\bin\management_ext.dll
Event: 1.248 Loaded shared library C:\Users\29684\.jdks\openjdk-24.0.1\bin\sunmscapi.dll
Event: 1.293 Loaded shared library C:\Users\29684\.jdks\openjdk-24.0.1\bin\extnet.dll
Event: 44.402 Loaded shared library C:\Users\29684\AppData\Local\Temp\idea_libasyncProfiler_dll_temp_folder7\libasyncProfiler.dll

Deoptimization events (20 events):
Event: 44.359 Thread 0x0000024836f9afa0 Uncommon trap: trap_request=0xffffffde fr.pc=0x000002483ecb0c20 relative=0x00000000000007c0
Event: 44.359 Thread 0x0000024836f9afa0 Uncommon trap: reason=class_check action=maybe_recompile pc=0x000002483ecb0c20 method=jdk.internal.loader.URLClassPath.getLoader(I)Ljdk/internal/loader/URLClassPath$Loader; @ 91 c2
Event: 44.359 Thread 0x0000024836f9afa0 DEOPT PACKING pc=0x000002483ecb0c20 sp=0x000000c575cfd090
Event: 44.359 Thread 0x0000024836f9afa0 DEOPT UNPACKING pc=0x000002483e7a7d02 sp=0x000000c575cfd048 mode 2
Event: 44.359 Thread 0x0000024836f9afa0 Uncommon trap: trap_request=0xffffffde fr.pc=0x000002483ecb0c20 relative=0x00000000000007c0
Event: 44.359 Thread 0x0000024836f9afa0 Uncommon trap: reason=class_check action=maybe_recompile pc=0x000002483ecb0c20 method=jdk.internal.loader.URLClassPath.getLoader(I)Ljdk/internal/loader/URLClassPath$Loader; @ 91 c2
Event: 44.359 Thread 0x0000024836f9afa0 DEOPT PACKING pc=0x000002483ecb0c20 sp=0x000000c575cfd090
Event: 44.359 Thread 0x0000024836f9afa0 DEOPT UNPACKING pc=0x000002483e7a7d02 sp=0x000000c575cfd048 mode 2
Event: 44.360 Thread 0x0000024836f9afa0 Uncommon trap: trap_request=0xffffffde fr.pc=0x000002483ecb0c20 relative=0x00000000000007c0
Event: 44.360 Thread 0x0000024836f9afa0 Uncommon trap: reason=class_check action=maybe_recompile pc=0x000002483ecb0c20 method=jdk.internal.loader.URLClassPath.getLoader(I)Ljdk/internal/loader/URLClassPath$Loader; @ 91 c2
Event: 44.360 Thread 0x0000024836f9afa0 DEOPT PACKING pc=0x000002483ecb0c20 sp=0x000000c575cfd090
Event: 44.360 Thread 0x0000024836f9afa0 DEOPT UNPACKING pc=0x000002483e7a7d02 sp=0x000000c575cfd048 mode 2
Event: 44.360 Thread 0x0000024836f9afa0 Uncommon trap: trap_request=0xffffffde fr.pc=0x000002483ecb0c20 relative=0x00000000000007c0
Event: 44.360 Thread 0x0000024836f9afa0 Uncommon trap: reason=class_check action=maybe_recompile pc=0x000002483ecb0c20 method=jdk.internal.loader.URLClassPath.getLoader(I)Ljdk/internal/loader/URLClassPath$Loader; @ 91 c2
Event: 44.360 Thread 0x0000024836f9afa0 DEOPT PACKING pc=0x000002483ecb0c20 sp=0x000000c575cfd090
Event: 44.360 Thread 0x0000024836f9afa0 DEOPT UNPACKING pc=0x000002483e7a7d02 sp=0x000000c575cfd048 mode 2
Event: 44.363 Thread 0x0000024836f9afa0 DEOPT PACKING pc=0x00000248372104c4 sp=0x000000c575cfd370
Event: 44.363 Thread 0x0000024836f9afa0 DEOPT UNPACKING pc=0x000002483e6d5722 sp=0x000000c575cfc818 mode 1
Event: 44.363 Thread 0x0000024836f9afa0 DEOPT PACKING pc=0x0000024837323da4 sp=0x000000c575cfdce0
Event: 44.363 Thread 0x0000024836f9afa0 DEOPT UNPACKING pc=0x000002483e6d5722 sp=0x000000c575cfd190 mode 1

Classes loaded (20 events):
Event: 1.436 Loading class com/intellij/rt/debugger/agent/CaptureStorage$6
Event: 1.436 Loading class com/intellij/rt/debugger/agent/CaptureStorage$6 done
Event: 1.437 Loading class io/netty/bootstrap/ServerBootstrap$ServerBootstrapAcceptor
Event: 1.437 Loading class io/netty/bootstrap/ServerBootstrap$ServerBootstrapAcceptor done
Event: 1.437 Loading class io/netty/bootstrap/ServerBootstrap$ServerBootstrapAcceptor$1
Event: 1.437 Loading class io/netty/bootstrap/ServerBootstrap$ServerBootstrapAcceptor$1 done
Event: 1.438 Loading class sun/net/NetHooks
Event: 1.438 Loading class sun/net/NetHooks done
Event: 1.438 Loading class io/netty/channel/AbstractChannel$AbstractUnsafe$2
Event: 1.438 Loading class io/netty/channel/AbstractChannel$AbstractUnsafe$2 done
Event: 1.439 Loading class io/netty/channel/ChannelFutureListener$1
Event: 1.439 Loading class io/netty/channel/ChannelFutureListener$1 done
Event: 1.439 Loading class io/netty/channel/ChannelFutureListener$2
Event: 1.439 Loading class io/netty/channel/ChannelFutureListener$2 done
Event: 1.439 Loading class io/netty/channel/ChannelFutureListener$3
Event: 1.439 Loading class io/netty/channel/ChannelFutureListener$3 done
Event: 44.358 Loading class kotlinx/coroutines/debug/internal/DebugProbesImpl
Event: 44.358 Loading class kotlinx/coroutines/debug/internal/DebugProbesImpl done
Event: 44.395 Loading class cainsgl/core/data/ttl/TTLObj
Event: 44.395 Loading class cainsgl/core/data/ttl/TTLObj done

Classes unloaded (0 events):
No events

Classes redefined (1 events):
Event: 0.193 Thread 0x000002483711f230 redefined class name=java.lang.Throwable, count=1

Internal exceptions (20 events):
Event: 0.904 Thread 0x0000024836f9afa0 Exception <a 'java/lang/NoSuchMethodError'{0x00000007113ad7c8}: 'int java.lang.invoke.DirectMethodHandle$Holder.invokeInterface(java.lang.Object, java.lang.Object)'> (0x00000007113ad7c8) 
thrown [s\open\src\hotspot\share\interpreter\linkResolver.cpp, line 805]
Event: 0.904 Thread 0x0000024836f9afa0 Exception <a 'java/lang/IncompatibleClassChangeError'{0x00000007113b5468}: Found class java.lang.Object, but interface was expected> (0x00000007113b5468) 
thrown [s\open\src\hotspot\share\interpreter\linkResolver.cpp, line 872]
Event: 0.905 Thread 0x0000024836f9afa0 Exception <a 'java/lang/NoSuchMethodError'{0x00000007113c4e10}: 'void java.lang.invoke.DirectMethodHandle$Holder.invokeStatic(java.lang.Object, java.lang.Object)'> (0x00000007113c4e10) 
thrown [s\open\src\hotspot\share\interpreter\linkResolver.cpp, line 805]
Event: 0.963 Thread 0x0000024836f9afa0 Exception <a 'java/lang/NoSuchMethodError'{0x0000000710e29670}: 'java.lang.Object java.lang.invoke.DirectMethodHandle$Holder.invokeStaticInit(java.lang.Object, java.lang.Object, java.lang.Object)'> (0x0000000710e29670) 
thrown [s\open\src\hotspot\share\interpreter\linkResolver.cpp, line 805]
Event: 1.045 Thread 0x0000024836f9afa0 Exception <a 'java/lang/NoSuchMethodError'{0x0000000710a77a70}: 'org.slf4j.impl.StaticMarkerBinder org.slf4j.impl.StaticMarkerBinder.getSingleton()'> (0x0000000710a77a70) 
thrown [s\open\src\hotspot\share\interpreter\linkResolver.cpp, line 805]
Event: 1.058 Thread 0x0000024836f9afa0 Exception <a 'java/lang/NoSuchMethodError'{0x0000000710ae2b80}: 'void java.lang.invoke.Invokers$Holder.invokeExact_MT(java.lang.Object, java.lang.Object, java.lang.Object)'> (0x0000000710ae2b80) 
thrown [s\open\src\hotspot\share\interpreter\linkResolver.cpp, line 805]
Event: 1.059 Thread 0x0000024836f9afa0 Exception <a 'java/lang/NoSuchMethodError'{0x0000000710aefc58}: 'void java.lang.invoke.DirectMethodHandle$Holder.invokeSpecial(java.lang.Object, java.lang.Object, int)'> (0x0000000710aefc58) 
thrown [s\open\src\hotspot\share\interpreter\linkResolver.cpp, line 805]
Event: 1.060 Thread 0x0000024836f9afa0 Exception <a 'java/lang/NoSuchMethodError'{0x0000000710af7898}: 'void java.lang.invoke.Invokers$Holder.invokeExact_MT(java.lang.Object, int, java.lang.Object)'> (0x0000000710af7898) 
thrown [s\open\src\hotspot\share\interpreter\linkResolver.cpp, line 805]
Event: 1.061 Thread 0x0000024836f9afa0 Exception <a 'java/lang/NoSuchMethodError'{0x0000000710b06c60}: 'void java.lang.invoke.DirectMethodHandle$Holder.invokeSpecial(java.lang.Object, java.lang.Object, float)'> (0x0000000710b06c60) 
thrown [s\open\src\hotspot\share\interpreter\linkResolver.cpp, line 805]
Event: 1.063 Thread 0x0000024836f9afa0 Exception <a 'java/lang/NoSuchMethodError'{0x0000000710b1df60}: 'void java.lang.invoke.DirectMethodHandle$Holder.invokeSpecial(java.lang.Object, java.lang.Object, long)'> (0x0000000710b1df60) 
thrown [s\open\src\hotspot\share\interpreter\linkResolver.cpp, line 805]
Event: 1.063 Thread 0x0000024836f9afa0 Exception <a 'java/lang/NoSuchMethodError'{0x0000000710b25ba8}: 'void java.lang.invoke.Invokers$Holder.invokeExact_MT(java.lang.Object, long, java.lang.Object)'> (0x0000000710b25ba8) 
thrown [s\open\src\hotspot\share\interpreter\linkResolver.cpp, line 805]
Event: 1.220 Thread 0x0000024836f9afa0 Exception <a 'java/lang/NoSuchMethodError'{0x00000007104abab8}: 'java.lang.Object java.lang.invoke.DirectMethodHandle$Holder.invokeStaticInit(java.lang.Object, int, int, int, int)'> (0x00000007104abab8) 
thrown [s\open\src\hotspot\share\interpreter\linkResolver.cpp, line 805]
Event: 1.285 Thread 0x0000024836f9afa0 Exception <a 'java/lang/NoSuchMethodError'{0x00000007102971e8}: 'java.lang.Object java.lang.invoke.DirectMethodHandle$Holder.invokeStaticInit(java.lang.Object, java.lang.Object, int, int, int, int)'> (0x00000007102971e8) 
thrown [s\open\src\hotspot\share\interpreter\linkResolver.cpp, line 805]
Event: 1.334 Thread 0x0000024836f9afa0 Exception <a 'java/lang/NoSuchMethodError'{0x00000007103a1f30}: 'java.lang.Object java.lang.invoke.DirectMethodHandle$Holder.invokeStatic(java.lang.Object, long, java.lang.Object)'> (0x00000007103a1f30) 
thrown [s\open\src\hotspot\share\interpreter\linkResolver.cpp, line 805]
Event: 1.334 Thread 0x0000024836f9afa0 Exception <a 'java/lang/NoSuchMethodError'{0x00000007103aa068}: 'java.lang.Object java.lang.invoke.DirectMethodHandle$Holder.invokeStaticInit(java.lang.Object, long, java.lang.Object)'> (0x00000007103aa068) 
thrown [s\open\src\hotspot\share\interpreter\linkResolver.cpp, line 805]
Event: 1.335 Thread 0x0000024836f9afa0 Exception <a 'java/lang/NoSuchMethodError'{0x00000007103b9338}: 'java.lang.Object java.lang.invoke.DirectMethodHandle$Holder.newInvokeSpecial(java.lang.Object, long)'> (0x00000007103b9338) 
thrown [s\open\src\hotspot\share\interpreter\linkResolver.cpp, line 805]
Event: 1.337 Thread 0x0000024836f9afa0 Exception <a 'java/lang/NoSuchMethodError'{0x00000007103cb968}: 'long java.lang.invoke.DirectMethodHandle$Holder.invokeInterface(java.lang.Object, java.lang.Object)'> (0x00000007103cb968) 
thrown [s\open\src\hotspot\share\interpreter\linkResolver.cpp, line 805]
Event: 1.338 Thread 0x0000024836f9afa0 Exception <a 'java/lang/NoSuchMethodError'{0x00000007103d4930}: 'java.lang.Object java.lang.invoke.DirectMethodHandle$Holder.invokeStatic(java.lang.Object, long)'> (0x00000007103d4930) 
thrown [s\open\src\hotspot\share\interpreter\linkResolver.cpp, line 805]
Event: 1.339 Thread 0x0000024836f9afa0 Exception <a 'java/lang/NoSuchMethodError'{0x00000007103e49f8}: 'long java.lang.invoke.DelegatingMethodHandle$Holder.reinvoke_L(java.lang.Object, java.lang.Object)'> (0x00000007103e49f8) 
thrown [s\open\src\hotspot\share\interpreter\linkResolver.cpp, line 805]
Event: 44.395 Thread 0x0000024836f9afa0 Exception <a 'java/lang/NoSuchMethodError'{0x0000000712d0b1c8}: 'long java.lang.invoke.DirectMethodHandle$Holder.invokeVirtual(java.lang.Object, java.lang.Object)'> (0x0000000712d0b1c8) 
thrown [s\open\src\hotspot\share\interpreter\linkResolver.cpp, line 805]

VM Operations (20 events):
Event: 0.766 Executing VM operation: HandshakeAllThreads (Deoptimize)
Event: 0.766 Executing VM operation: HandshakeAllThreads (Deoptimize) done
Event: 0.880 Executing VM operation: HandshakeAllThreads (Deoptimize)
Event: 0.880 Executing VM operation: HandshakeAllThreads (Deoptimize) done
Event: 1.193 Executing VM operation: HandshakeAllThreads (Deoptimize)
Event: 1.193 Executing VM operation: HandshakeAllThreads (Deoptimize) done
Event: 1.224 Executing VM operation: HandshakeAllThreads (Deoptimize)
Event: 1.224 Executing VM operation: HandshakeAllThreads (Deoptimize) done
Event: 1.343 Executing VM operation: HandshakeAllThreads (Deoptimize)
Event: 1.343 Executing VM operation: HandshakeAllThreads (Deoptimize) done
Event: 1.393 Executing VM operation: G1CollectForAllocation (G1 Evacuation Pause)
Event: 1.399 Executing VM operation: G1CollectForAllocation (G1 Evacuation Pause) done
Event: 1.412 Executing VM operation: HandshakeAllThreads (Deoptimize)
Event: 1.412 Executing VM operation: HandshakeAllThreads (Deoptimize) done
Event: 1.441 Executing VM operation: ChangeBreakpoints
Event: 1.442 Executing VM operation: ChangeBreakpoints done
Event: 44.385 Executing VM operation: ChangeBreakpoints
Event: 44.385 Executing VM operation: ChangeBreakpoints done
Event: 44.399 Executing VM operation: ChangeBreakpoints
Event: 44.399 Executing VM operation: ChangeBreakpoints done

Memory protections (0 events):
No events

Nmethod flushes (0 events):
No events

Events (18 events):
Event: 0.035 Thread 0x0000024836f9afa0 Thread added: 0x0000024836f9afa0
Event: 0.050 Thread 0x0000024836f9afa0 Thread added: 0x000002483712cba0
Event: 0.050 Thread 0x0000024836f9afa0 Thread added: 0x000002483712d640
Event: 0.050 Thread 0x0000024836f9afa0 Thread added: 0x000002484e5293d0
Event: 0.050 Thread 0x0000024836f9afa0 Thread added: 0x000002484e529d90
Event: 0.050 Thread 0x0000024836f9afa0 Thread added: 0x000002484e52a4d0
Event: 0.051 Thread 0x0000024836f9afa0 Thread added: 0x000002484e52ec20
Event: 0.051 Thread 0x0000024836f9afa0 Thread added: 0x000002484e52f690
Event: 0.051 Thread 0x0000024836f9afa0 Thread added: 0x0000024837136630
Event: 0.111 Thread 0x000002484e52f690 Thread added: 0x000002484e65c860
Event: 0.121 Thread 0x0000024836f9afa0 Thread added: 0x000002484e7574f0
Event: 0.121 Thread 0x0000024836f9afa0 Thread added: 0x000002484e757c40
Event: 0.121 Thread 0x000002484e7574f0 Thread added: 0x000002484e7deb80
Event: 0.163 Thread 0x0000024836f9afa0 Thread added: 0x000002484e78d7f0
Event: 0.195 Thread 0x0000024836f9afa0 Thread added: 0x0000024894006ed0
Event: 0.202 Thread 0x0000024836f9afa0 Thread added: 0x00000248940e3b30
Event: 1.433 Thread 0x0000024836f9afa0 Thread added: 0x000002489514aae0
Event: 6.437 Thread 0x000002484e65c860 Thread exited: 0x000002484e65c860


Dynamic libraries:
0x00007ff687de0000 - 0x00007ff687dee000 	C:\Users\29684\.jdks\openjdk-24.0.1\bin\java.exe
0x00007fff80a90000 - 0x00007fff80c88000 	C:\WINDOWS\SYSTEM32\ntdll.dll
0x00007fff7faf0000 - 0x00007fff7fbb2000 	C:\WINDOWS\System32\KERNEL32.DLL
0x00007fff7e2b0000 - 0x00007fff7e5a6000 	C:\WINDOWS\System32\KERNELBASE.dll
0x00007fff7e5b0000 - 0x00007fff7e6b0000 	C:\WINDOWS\System32\ucrtbase.dll
0x00007fff79f20000 - 0x00007fff79f36000 	C:\Users\29684\.jdks\openjdk-24.0.1\bin\jli.dll
0x00007fff7a6d0000 - 0x00007fff7a6eb000 	C:\Users\29684\.jdks\openjdk-24.0.1\bin\VCRUNTIME140.dll
0x00007fff7edb0000 - 0x00007fff7ef4d000 	C:\WINDOWS\System32\USER32.dll
0x00007fff7e960000 - 0x00007fff7e982000 	C:\WINDOWS\System32\win32u.dll
0x00007fff7fcf0000 - 0x00007fff7fd1b000 	C:\WINDOWS\System32\GDI32.dll
0x00007fff7e990000 - 0x00007fff7eaaa000 	C:\WINDOWS\System32\gdi32full.dll
0x00007fff65940000 - 0x00007fff65bda000 	C:\WINDOWS\WinSxS\amd64_microsoft.windows.common-controls_6595b64144ccf1df_6.0.19041.4355_none_60b8b9eb71f62e16\COMCTL32.dll
0x00007fff7e6e0000 - 0x00007fff7e77d000 	C:\WINDOWS\System32\msvcp_win.dll
0x00007fff7eab0000 - 0x00007fff7eb4e000 	C:\WINDOWS\System32\msvcrt.dll
0x00007fff805a0000 - 0x00007fff805cf000 	C:\WINDOWS\System32\IMM32.DLL
0x00007fff7b6b0000 - 0x00007fff7b6bc000 	C:\Users\29684\.jdks\openjdk-24.0.1\bin\vcruntime140_1.dll
0x00007fff6e190000 - 0x00007fff6e21e000 	C:\Users\29684\.jdks\openjdk-24.0.1\bin\msvcp140.dll
0x00007fff3a2a0000 - 0x00007fff3b042000 	C:\Users\29684\.jdks\openjdk-24.0.1\bin\server\jvm.dll
0x00007fff7fbc0000 - 0x00007fff7fc6f000 	C:\WINDOWS\System32\ADVAPI32.dll
0x00007fff80320000 - 0x00007fff803bf000 	C:\WINDOWS\System32\sechost.dll
0x00007fff7fd20000 - 0x00007fff7fe43000 	C:\WINDOWS\System32\RPCRT4.dll
0x00007fff7e6b0000 - 0x00007fff7e6d7000 	C:\WINDOWS\System32\bcrypt.dll
0x00007fff7fe60000 - 0x00007fff7fecb000 	C:\WINDOWS\System32\WS2_32.dll
0x00007fff7d6b0000 - 0x00007fff7d6fb000 	C:\WINDOWS\SYSTEM32\POWRPROF.dll
0x00007fff71400000 - 0x00007fff71427000 	C:\WINDOWS\SYSTEM32\WINMM.dll
0x00007fff74f30000 - 0x00007fff74f3a000 	C:\WINDOWS\SYSTEM32\VERSION.dll
0x00007fff7d520000 - 0x00007fff7d532000 	C:\WINDOWS\SYSTEM32\UMPDC.dll
0x00007fff7bfa0000 - 0x00007fff7bfb2000 	C:\WINDOWS\SYSTEM32\kernel.appcore.dll
0x00007fff7a700000 - 0x00007fff7a70a000 	C:\Users\29684\.jdks\openjdk-24.0.1\bin\jimage.dll
0x00007fff71150000 - 0x00007fff71334000 	C:\WINDOWS\SYSTEM32\DBGHELP.DLL
0x00007fff55ab0000 - 0x00007fff55ae4000 	C:\WINDOWS\SYSTEM32\dbgcore.DLL
0x00007fff7e1d0000 - 0x00007fff7e252000 	C:\WINDOWS\System32\bcryptPrimitives.dll
0x00007fff5c360000 - 0x00007fff5c39c000 	C:\Users\29684\.jdks\openjdk-24.0.1\bin\jdwp.dll
0x00007fff79f10000 - 0x00007fff79f1f000 	C:\Users\29684\.jdks\openjdk-24.0.1\bin\instrument.dll
0x00007fff79ae0000 - 0x00007fff79afe000 	C:\Users\29684\.jdks\openjdk-24.0.1\bin\java.dll
0x00007fff801e0000 - 0x00007fff8030b000 	C:\WINDOWS\System32\ole32.dll
0x00007fff7f020000 - 0x00007fff7f375000 	C:\WINDOWS\System32\combase.dll
0x00007fff7f380000 - 0x00007fff7faef000 	C:\WINDOWS\System32\SHELL32.dll
0x00007fff43f10000 - 0x00007fff44108000 	C:\Users\29684\AppData\Local\Temp\idea_libasyncProfiler_dll_temp_folder7\libasyncProfiler.dll
0x00007fff79ac0000 - 0x00007fff79ad7000 	C:\Users\29684\.jdks\openjdk-24.0.1\bin\zip.dll
0x00007fff7c1a0000 - 0x00007fff7c943000 	C:\WINDOWS\SYSTEM32\windows.storage.dll
0x00007fff7db50000 - 0x00007fff7db7b000 	C:\WINDOWS\SYSTEM32\Wldp.dll
0x00007fff7ef50000 - 0x00007fff7f01d000 	C:\WINDOWS\System32\OLEAUT32.dll
0x00007fff7ed00000 - 0x00007fff7edad000 	C:\WINDOWS\System32\SHCORE.dll
0x00007fff80120000 - 0x00007fff80175000 	C:\WINDOWS\System32\shlwapi.dll
0x00007fff7e050000 - 0x00007fff7e075000 	C:\WINDOWS\SYSTEM32\profapi.dll
0x00007fff482d0000 - 0x00007fff483a7000 	C:\Users\29684\.jdks\openjdk-24.0.1\bin\jsvml.dll
0x00007fff77fb0000 - 0x00007fff77fbc000 	C:\Users\29684\.jdks\openjdk-24.0.1\bin\dt_socket.dll
0x00007fff7d540000 - 0x00007fff7d57b000 	C:\WINDOWS\SYSTEM32\IPHLPAPI.DLL
0x00007fff7d8b0000 - 0x00007fff7d91c000 	C:\WINDOWS\system32\mswsock.dll
0x00007fff79a80000 - 0x00007fff79a90000 	C:\Users\29684\.jdks\openjdk-24.0.1\bin\net.dll
0x00007fff6e290000 - 0x00007fff6e2a6000 	C:\Users\29684\.jdks\openjdk-24.0.1\bin\nio.dll
0x00007fff76090000 - 0x00007fff760a0000 	C:\Users\29684\.jdks\openjdk-24.0.1\bin\verify.dll
0x00007fff76070000 - 0x00007fff7607a000 	C:\Users\29684\.jdks\openjdk-24.0.1\bin\management.dll
0x00007fff6e180000 - 0x00007fff6e18b000 	C:\Users\29684\.jdks\openjdk-24.0.1\bin\management_ext.dll
0x00007fff80530000 - 0x00007fff80538000 	C:\WINDOWS\System32\PSAPI.DLL
0x00007fff52ed0000 - 0x00007fff52ee7000 	C:\WINDOWS\system32\napinsp.dll
0x00007fff52eb0000 - 0x00007fff52ecb000 	C:\WINDOWS\system32\pnrpnsp.dll
0x00007fff7a9f0000 - 0x00007fff7aa05000 	C:\WINDOWS\system32\wshbth.dll
0x00007fff76a60000 - 0x00007fff76a7d000 	C:\WINDOWS\system32\NLAapi.dll
0x00007fff7d590000 - 0x00007fff7d65a000 	C:\WINDOWS\SYSTEM32\DNSAPI.dll
0x00007fff80310000 - 0x00007fff80318000 	C:\WINDOWS\System32\NSI.dll
0x00007fff52e90000 - 0x00007fff52ea2000 	C:\WINDOWS\System32\winrnr.dll
0x00007fff76ce0000 - 0x00007fff76cea000 	C:\Windows\System32\rasadhlp.dll
0x00007fff70c10000 - 0x00007fff70c90000 	C:\WINDOWS\System32\fwpuclnt.dll
0x00007fff6df60000 - 0x00007fff6df6e000 	C:\Users\29684\.jdks\openjdk-24.0.1\bin\sunmscapi.dll
0x00007fff7e800000 - 0x00007fff7e95d000 	C:\WINDOWS\System32\CRYPT32.dll
0x00007fff7dbc0000 - 0x00007fff7dbe7000 	C:\WINDOWS\SYSTEM32\ncrypt.dll
0x00007fff7db80000 - 0x00007fff7dbbb000 	C:\WINDOWS\SYSTEM32\NTASN1.dll
0x00007fff5c630000 - 0x00007fff5c637000 	C:\WINDOWS\system32\wshunix.dll
0x00007fff7daa0000 - 0x00007fff7dab8000 	C:\WINDOWS\SYSTEM32\CRYPTSP.dll
0x00007fff7d160000 - 0x00007fff7d198000 	C:\WINDOWS\system32\rsaenh.dll
0x00007fff7dfd0000 - 0x00007fff7dffe000 	C:\WINDOWS\SYSTEM32\USERENV.dll
0x00007fff7dac0000 - 0x00007fff7dacc000 	C:\WINDOWS\SYSTEM32\CRYPTBASE.dll
0x00007fff6cac0000 - 0x00007fff6cac9000 	C:\Users\29684\.jdks\openjdk-24.0.1\bin\extnet.dll

JVMTI agents:
jdwp path:C:\Users\29684\.jdks\openjdk-24.0.1\bin\jdwp.dll, loaded, initialized, options:transport=dt_socket,address=127.0.0.1:64065,suspend=y,server=n
C:\Users\29684\AppData\Local\JetBrains\IntelliJIdea2025.1\captureAgent\debugger-agent.jar path:C:\Users\29684\.jdks\openjdk-24.0.1\bin\instrument.dll, loaded, initialized, instrumentlib options:file:///C:/Users/29684/AppData/Local/Temp/capture13373103004767676711.props
C:\Users\29684\AppData\Local\Temp\idea_libasyncProfiler_dll_temp_folder7\libasyncProfiler.dll path:C:\Users\29684\AppData\Local\Temp\idea_libasyncProfiler_dll_temp_folder7\libasyncProfiler.dll, loaded, initialized, options:version,jfr,event=wall,interval=10ms,cstack=no,file=C:\Users\29684\IdeaSnapshots\Main_2025_05_21_130214.jfr,dbghelppath=C:\Users\29684\AppData\Local\Temp\idea_dbghelp_dll_temp_folder\dbghelp.dll,log=C:\Users\29684\AppData\Local\Temp\Main_2025_05_21_130214.jfr.log.txt,logLevel=DEBUG

dbghelp: loaded successfully - version: 4.0.5 - missing functions: none
symbol engine: initialized successfully - sym options: 0x614 - pdb path: .;C:\Users\29684\.jdks\openjdk-24.0.1\bin;C:\WINDOWS\SYSTEM32;C:\WINDOWS\WinSxS\amd64_microsoft.windows.common-controls_6595b64144ccf1df_6.0.19041.4355_none_60b8b9eb71f62e16;C:\Users\29684\.jdks\openjdk-24.0.1\bin\server;C:\Users\29684\AppData\Local\Temp\idea_libasyncProfiler_dll_temp_folder7

VM Arguments:
jvm_args: -agentlib:jdwp=transport=dt_socket,address=127.0.0.1:64065,suspend=y,server=n -javaagent:C:\Users\29684\AppData\Local\JetBrains\IntelliJIdea2025.1\captureAgent\debugger-agent.jar=file:///C:/Users/29684/AppData/Local/Temp/capture13373103004767676711.props --enable-preview -agentpath:C:\Users\29684\AppData\Local\Temp\idea_libasyncProfiler_dll_temp_folder7\libasyncProfiler.dll=version,jfr,event=wall,interval=10ms,cstack=no,file=C:\Users\29684\IdeaSnapshots\Main_2025_05_21_130214.jfr,dbghelppath=C:\Users\29684\AppData\Local\Temp\idea_dbghelp_dll_temp_folder\dbghelp.dll,log=C:\Users\29684\AppData\Local\Temp\Main_2025_05_21_130214.jfr.log.txt,logLevel=DEBUG -Dkotlinx.coroutines.debug.enable.creation.stack.trace=false -Ddebugger.agent.enable.coroutines=true -Dkotlinx.coroutines.debug.enable.flows.stack.trace=true -Dkotlinx.coroutines.debug.enable.mutable.state.flows.stack.trace=true -Dfile.encoding=UTF-8 -Dsun.stdout.encoding=UTF-8 -Dsun.stderr.encoding=UTF-8 
java_command: cainsgl.Main
java_class_path (initial): D:\Code\mut-db\target\classes;C:\Users\29684\.m2\repository\io\netty\netty-codec-mqtt\4.1.117.Final\netty-codec-mqtt-4.1.117.Final.jar;C:\Users\29684\.m2\repository\io\netty\netty-common\4.1.117.Final\netty-common-4.1.117.Final.jar;C:\Users\29684\.m2\repository\io\netty\netty-buffer\4.1.117.Final\netty-buffer-4.1.117.Final.jar;C:\Users\29684\.m2\repository\io\netty\netty-transport\4.1.117.Final\netty-transport-4.1.117.Final.jar;C:\Users\29684\.m2\repository\io\netty\netty-resolver\4.1.117.Final\netty-resolver-4.1.117.Final.jar;C:\Users\29684\.m2\repository\io\netty\netty-codec\4.1.117.Final\netty-codec-4.1.117.Final.jar;C:\Users\29684\.m2\repository\org\slf4j\slf4j-api\1.7.25\slf4j-api-1.7.25.jar;C:\Users\29684\.m2\repository\org\apache\logging\log4j\log4j-core\2.9.1\log4j-core-2.9.1.jar;C:\Users\29684\.m2\repository\org\apache\logging\log4j\log4j-api\2.9.1\log4j-api-2.9.1.jar;C:\Users\29684\.m2\repository\org\apache\logging\log4j\log4j-slf4j-impl\2.9.1\log4j-slf4j-impl-2.9.1.jar;C:\Users\29684\.m2\repository\org\graalvm\js\js-scriptengine\24.2.1\js-scriptengine-24.2.1.jar;C:\Users\29684\.m2\repository\org\graalvm\polyglot\polyglot\24.2.1\polyglot-24.2.1.jar;C:\Users\29684\.m2\repository\org\graalvm\sdk\collections\24.2.1\collections-24.2.1.jar;C:\Users\29684\.m2\repository\org\graalvm\sdk\nativeimage\24.2.1\nativeimage-24.2.1.jar;C:\Users\29684\.m2\repository\org\graalvm\sdk\word\24.2.1\word-24.2.1.jar;C:\Users\29684\.m2\repository\org\graalvm\js\js-language\24.2.1\js-language-24.2.1.jar;C:\Users\29684\.m2\repository\org\graalvm\regex\regex\24.2.1\regex-24.2.1.jar;C:\Users\29684\.m2\repository\org\graalvm\truffle\truffle-api\24.2.1\truffle-api-24.2.1.jar;C:\Users\29684\.m2\repository\org\graalvm\shadowed\icu4j\24.2.1\icu4j-24.2.1.jar;C:\Users\29684\.m2\repository\org\graalvm\shadowed\xz\24.2.1\xz-24.2.1.jar;D:\JavaTools\IDEA\IntelliJ IDEA 2025.1.1.1\lib\idea_rt.jar
Launcher Type: SUN_STANDARD

[Global flags]
     intx CICompilerCount                          = 4                                         {product} {ergonomic}
     uint ConcGCThreads                            = 2                                         {product} {ergonomic}
     uint G1ConcRefinementThreads                  = 8                                         {product} {ergonomic}
   size_t G1HeapRegionSize                         = 2097152                                   {product} {ergonomic}
   size_t InitialHeapSize                          = 266338304                                 {product} {ergonomic}
   size_t MarkStackSize                            = 4194304                                   {product} {ergonomic}
   size_t MarkStackSizeMax                         = 536870912                                 {product} {ergonomic}
   size_t MaxHeapSize                              = 4242538496                                {product} {ergonomic}
   size_t MaxNewSize                               = 2543845376                                {product} {ergonomic}
   size_t MinHeapDeltaBytes                        = 2097152                                   {product} {ergonomic}
   size_t MinHeapSize                              = 8388608                                   {product} {ergonomic}
    uintx NonNMethodCodeHeapSize                   = 5832704                                {pd product} {ergonomic}
    uintx NonProfiledCodeHeapSize                  = 122945536                              {pd product} {ergonomic}
    uintx ProfiledCodeHeapSize                     = 122880000                              {pd product} {ergonomic}
    uintx ReservedCodeCacheSize                    = 251658240                              {pd product} {ergonomic}
     bool SegmentedCodeCache                       = true                                      {product} {ergonomic}
   size_t SoftMaxHeapSize                          = 4242538496                             {manageable} {ergonomic}
     bool UseCompressedOops                        = true                           {product lp64_product} {ergonomic}
     bool UseG1GC                                  = true                                      {product} {ergonomic}
     bool UseLargePagesIndividualAllocation        = false                                  {pd product} {ergonomic}

Logging:
Log output configuration:
 #0: stdout all=warning uptime,level,tags foldmultilines=false
 #1: stderr all=off uptime,level,tags foldmultilines=false

Environment Variables:
JAVA_HOME=D:\jdk\Amazon JDK 23.0.2
PATH=C:\Program Files\Common Files\Oracle\Java\javapath;D:\APP\bin\;C:\WINDOWS\system32;C:\WINDOWS;C:\WINDOWS\System32\Wbem;C:\WINDOWS\System32\WindowsPowerShell\v1.0\;C:\WINDOWS\System32\OpenSSH\;C:\Program Files\dotnet\;C:\Program Files (x86)\NVIDIA Corporation\PhysX\Common;C:\Program Files\NVIDIA Corporation\NVIDIA NvDLISR;C:\Program Files\Microsoft SQL Server\150\Tools\Binn\;C:\Program Files\Microsoft SQL Server\Client SDK\ODBC\170\Tools\Binn\;C:\Program Files (x86)\Windows Kits\10\Windows Performance Toolkit\;C:\Program Files\MySQL\MySQL Server 8.0\bin\;D:\APP\Maven\apache-maven-3.9.8\bin;D:\jdk\Amazon JDK 23.0.2\bin;D:\JavaTools\;D:\JavaTools\XShell\;D:\JavaTools\XFtp\;D:\APP\微信web开发者工具\dll;D:\JavaTools\Git\cmd;D:\NodeJS\node-v20.19.1-win-x64;D:\NodeJS\node-v20.19.1-win-x64\node_cache;D:\NodeJS\node-v20.19.1-win-x64\node_global;C:\Users\29684\AppData\Local\Programs\Python\Python313\Scripts\;C:\Users\29684\AppData\Local\Programs\Python\Python313\;C:\Program Files\MySQL\MySQL Shell 8.0\bin\;C:\Users\29684\AppData\Local\Microsoft\WindowsApps;C:\Users\29684\.dotnet\tools;D:\VsCode\Microsoft VS Code\bin;D:\PythonIDE\PyCharm 2024.3\bin;;D:\JavaTools\IDEA\IntelliJ IDEA 2025.1.1.1\bin;
USERNAME=PatricStar
OS=Windows_NT
PROCESSOR_IDENTIFIER=Intel64 Family 6 Model 154 Stepping 3, GenuineIntel
TMP=C:\Users\29684\AppData\Local\Temp
TEMP=C:\Users\29684\AppData\Local\Temp




Periodic native trim disabled

---------------  S Y S T E M  ---------------

OS:
 Windows 10 , 64 bit Build 19041 (10.0.19041.5678)
OS uptime: 9 days 0:15 hours

CPU: total 8 (initial active 8) (10 cores per cpu, 2 threads per core) family 6 model 154 stepping 3 microcode 0x424, cx8, cmov, fxsr, ht, mmx, 3dnowpref, sse, sse2, sse3, ssse3, sse4.1, sse4.2, popcnt, lzcnt, tsc, tscinvbit, avx, avx2, aes, erms, clmul, bmi1, bmi2, adx, sha, fma, vzeroupper, clflush, clflushopt, clwb, serialize, rdtscp, rdpid, fsrm, gfni, f16c, pku, cet_ibt, cet_ss
Processor Information for the first 8 processors :
  Max Mhz: 2500, Current Mhz: 2500, Mhz Limit: 2500

Memory: 4k page, system-wide physical 16176M (5523M free)
TotalPageFile size 28464M (AvailPageFile size 12207M)
current process WorkingSet (physical memory assigned to process): 147M, peak: 147M
current process commit charge ("private bytes"): 400M, peak: 401M

vm_info: OpenJDK 64-Bit Server VM (24.0.1+9-30) for windows-amd64 JRE (24.0.1+9-30), built on 2025-03-05T07:23:45Z with MS VC++ 17.6 (VS2022)

END.
